Archive member included to satisfy reference by file (symbol)

c:/mounriver/mounriver_studio/toolchain/risc-v embedded gcc/bin/../lib/gcc/riscv-none-embed/8.2.0/rv32imac/ilp32\libgcc.a(eqdf2.o)
                              ./Libraries/seekfree_peripheral/SEEKFREE_PRINTF.o (__nedf2)
c:/mounriver/mounriver_studio/toolchain/risc-v embedded gcc/bin/../lib/gcc/riscv-none-embed/8.2.0/rv32imac/ilp32\libgcc.a(ledf2.o)
                              ./Libraries/seekfree_peripheral/SEEKFREE_18TFT.o (__ltdf2)
c:/mounriver/mounriver_studio/toolchain/risc-v embedded gcc/bin/../lib/gcc/riscv-none-embed/8.2.0/rv32imac/ilp32\libgcc.a(muldf3.o)
                              ./User/main.o (__muldf3)
c:/mounriver/mounriver_studio/toolchain/risc-v embedded gcc/bin/../lib/gcc/riscv-none-embed/8.2.0/rv32imac/ilp32\libgcc.a(subdf3.o)
                              ./User/main.o (__subdf3)
c:/mounriver/mounriver_studio/toolchain/risc-v embedded gcc/bin/../lib/gcc/riscv-none-embed/8.2.0/rv32imac/ilp32\libgcc.a(fixdfsi.o)
                              ./Libraries/seekfree_peripheral/SEEKFREE_PRINTF.o (__fixdfsi)
c:/mounriver/mounriver_studio/toolchain/risc-v embedded gcc/bin/../lib/gcc/riscv-none-embed/8.2.0/rv32imac/ilp32\libgcc.a(fixunsdfsi.o)
                              ./User/main.o (__fixunsdfsi)
c:/mounriver/mounriver_studio/toolchain/risc-v embedded gcc/bin/../lib/gcc/riscv-none-embed/8.2.0/rv32imac/ilp32\libgcc.a(floatsidf.o)
                              ./User/main.o (__floatsidf)
c:/mounriver/mounriver_studio/toolchain/risc-v embedded gcc/bin/../lib/gcc/riscv-none-embed/8.2.0/rv32imac/ilp32\libgcc.a(divsf3.o)
                              ./Libraries/Code/DHT11.o (__divsf3)
c:/mounriver/mounriver_studio/toolchain/risc-v embedded gcc/bin/../lib/gcc/riscv-none-embed/8.2.0/rv32imac/ilp32\libgcc.a(mulsf3.o)
                              ./User/main.o (__mulsf3)
c:/mounriver/mounriver_studio/toolchain/risc-v embedded gcc/bin/../lib/gcc/riscv-none-embed/8.2.0/rv32imac/ilp32\libgcc.a(subsf3.o)
                              ./Libraries/Code/DHT11.o (__subsf3)
c:/mounriver/mounriver_studio/toolchain/risc-v embedded gcc/bin/../lib/gcc/riscv-none-embed/8.2.0/rv32imac/ilp32\libgcc.a(fixunssfsi.o)
                              ./User/main.o (__fixunssfsi)
c:/mounriver/mounriver_studio/toolchain/risc-v embedded gcc/bin/../lib/gcc/riscv-none-embed/8.2.0/rv32imac/ilp32\libgcc.a(floatunsisf.o)
                              ./Libraries/Code/DHT11.o (__floatunsisf)
c:/mounriver/mounriver_studio/toolchain/risc-v embedded gcc/bin/../lib/gcc/riscv-none-embed/8.2.0/rv32imac/ilp32\libgcc.a(extendsfdf2.o)
                              ./User/main.o (__extendsfdf2)
c:/mounriver/mounriver_studio/toolchain/risc-v embedded gcc/bin/../lib/gcc/riscv-none-embed/8.2.0/rv32imac/ilp32\libgcc.a(truncdfsf2.o)
                              ./User/main.o (__truncdfsf2)
c:/mounriver/mounriver_studio/toolchain/risc-v embedded gcc/bin/../lib/gcc/riscv-none-embed/8.2.0/rv32imac/ilp32\libgcc.a(_clzsi2.o)
                              c:/mounriver/mounriver_studio/toolchain/risc-v embedded gcc/bin/../lib/gcc/riscv-none-embed/8.2.0/rv32imac/ilp32\libgcc.a(muldf3.o) (__clzsi2)
c:/mounriver/mounriver_studio/toolchain/risc-v embedded gcc/bin/../lib/gcc/riscv-none-embed/8.2.0/rv32imac/ilp32\libgcc.a(_clz.o)
                              c:/mounriver/mounriver_studio/toolchain/risc-v embedded gcc/bin/../lib/gcc/riscv-none-embed/8.2.0/rv32imac/ilp32\libgcc.a(_clzsi2.o) (__clz_tab)
c:/mounriver/mounriver_studio/toolchain/risc-v embedded gcc/bin/../lib/gcc/riscv-none-embed/8.2.0/../../../../riscv-none-embed/lib/rv32imac/ilp32\libg_nano.a(lib_a-assert.o)
                              ./Libraries/seekfree_peripheral/SEEKFREE_18TFT.o (__assert_func)
c:/mounriver/mounriver_studio/toolchain/risc-v embedded gcc/bin/../lib/gcc/riscv-none-embed/8.2.0/../../../../riscv-none-embed/lib/rv32imac/ilp32\libg_nano.a(lib_a-fprintf.o)
                              c:/mounriver/mounriver_studio/toolchain/risc-v embedded gcc/bin/../lib/gcc/riscv-none-embed/8.2.0/../../../../riscv-none-embed/lib/rv32imac/ilp32\libg_nano.a(lib_a-assert.o) (fiprintf)
c:/mounriver/mounriver_studio/toolchain/risc-v embedded gcc/bin/../lib/gcc/riscv-none-embed/8.2.0/../../../../riscv-none-embed/lib/rv32imac/ilp32\libg_nano.a(lib_a-impure.o)
                              c:/mounriver/mounriver_studio/toolchain/risc-v embedded gcc/bin/../lib/gcc/riscv-none-embed/8.2.0/../../../../riscv-none-embed/lib/rv32imac/ilp32\libg_nano.a(lib_a-assert.o) (_impure_ptr)
c:/mounriver/mounriver_studio/toolchain/risc-v embedded gcc/bin/../lib/gcc/riscv-none-embed/8.2.0/../../../../riscv-none-embed/lib/rv32imac/ilp32\libg_nano.a(lib_a-memcpy.o)
                              ./Libraries/seekfree_peripheral/SEEKFREE_PRINTF.o (memcpy)
c:/mounriver/mounriver_studio/toolchain/risc-v embedded gcc/bin/../lib/gcc/riscv-none-embed/8.2.0/../../../../riscv-none-embed/lib/rv32imac/ilp32\libg_nano.a(lib_a-nano-vfprintf.o)
[...]
Memory Configuration

Name             Origin             Length             Attributes
FLASH            0x0000000000000000 0x0000000000010000 xr
RAM              0x0000000020000000 0x0000000000005000 xrw
*default*        0x0000000000000000 0xffffffffffffffff

Linker script and memory map

LOAD ./User/isr.o
LOAD ./User/main.o
LOAD ./TYIOT/mcu_api.o
LOAD ./TYIOT/protocol.o
LOAD ./TYIOT/system.o
LOAD ./Libraries/wch_libraries/Startup/startup_ch32v10x.o
LOAD ./Libraries/wch_libraries/Peripheral/ch32v10x_adc.o
LOAD ./Libraries/wch_libraries/Peripheral/ch32v10x_bkp.o
LOAD ./Libraries/wch_libraries/Peripheral/ch32v10x_crc.o
LOAD ./Libraries/wch_libraries/Peripheral/ch32v10x_dbgmcu.o
LOAD ./Libraries/wch_libraries/Peripheral/ch32v10x_dma.o
LOAD ./Libraries/wch_libraries/Peripheral/ch32v10x_exti.o
LOAD ./Libraries/wch_libraries/Peripheral/ch32v10x_flash.o
LOAD ./Libraries/wch_libraries/Peripheral/ch32v10x_gpio.o
LOAD ./Libraries/wch_libraries/Peripheral/ch32v10x_i2c.o
LOAD ./Libraries/wch_libraries/Peripheral/ch32v10x_iwdg.o
LOAD ./Libraries/wch_libraries/Peripheral/ch32v10x_misc.o
LOAD ./Libraries/wch_libraries/Peripheral/ch32v10x_pwr.o
LOAD ./Libraries/wch_libraries/Peripheral/ch32v10x_rcc.o
LOAD ./Libraries/wch_libraries/Peripheral/ch32v10x_rtc.o
LOAD ./Libraries/wch_libraries/Peripheral/ch32v10x_spi.o
LOAD ./Libraries/wch_libraries/Peripheral/ch32v10x_tim.o
LOAD ./Libraries/wch_libraries/Peripheral/ch32v10x_usart.o
LOAD ./Libraries/wch_libraries/Peripheral/ch32v10x_usb.o
LOAD ./Libraries/wch_libraries/Peripheral/ch32v10x_usb_host.o
LOAD ./Libraries/wch_libraries/Peripheral/ch32v10x_wwdg.o
LOAD ./Libraries/wch_libraries/Core/core_riscv.o
LOAD ./Libraries/seekfree_peripheral/SEEKFREE_18TFT.o
LOAD ./Libraries/seekfree_peripheral/SEEKFREE_FONT.o
LOAD ./Libraries/seekfree_peripheral/SEEKFREE_ICM20602.o
LOAD ./Libraries/seekfree_peripheral/SEEKFREE_IIC.o
LOAD ./Libraries/seekfree_peripheral/SEEKFREE_IPS114_SPI.o
LOAD ./Libraries/seekfree_peripheral/SEEKFREE_MPU6050.o
LOAD ./Libraries/seekfree_peripheral/SEEKFREE_MT9V03X.o
LOAD ./Libraries/seekfree_peripheral/SEEKFREE_OLED.o
LOAD ./Libraries/seekfree_peripheral/SEEKFREE_PRINTF.o
LOAD ./Libraries/seekfree_peripheral/SEEKFREE_TSL1401.o
LOAD ./Libraries/seekfree_peripheral/SEEKFREE_UART_7725.o
LOAD ./Libraries/seekfree_peripheral/SEEKFREE_VIRSCO.o
LOAD ./Libraries/seekfree_peripheral/SEEKFREE_WIRELESS.o
LOAD ./Libraries/seekfree_libraries/common.o
LOAD ./Libraries/seekfree_libraries/misc.o
LOAD ./Libraries/seekfree_libraries/zf_adc.o
LOAD ./Libraries/seekfree_libraries/zf_camera.o
LOAD ./Libraries/seekfree_libraries/zf_flash.o
LOAD ./Libraries/seekfree_libraries/zf_gpio.o
LOAD ./Libraries/seekfree_libraries/zf_nvic.o
LOAD ./Libraries/seekfree_libraries/zf_pit.o
LOAD ./Libraries/seekfree_libraries/zf_pwm.o
LOAD ./Libraries/seekfree_libraries/zf_qtimer.o
LOAD ./Libraries/seekfree_libraries/zf_spi.o
LOAD ./Libraries/seekfree_libraries/zf_systick.o
LOAD ./Libraries/seekfree_libraries/zf_uart.o
LOAD ./Libraries/board/board.o
LOAD ./Libraries/board/clock_config.o
LOAD ./Libraries/Motor/motor.o
LOAD ./Libraries/Code/DHT11.o
LOAD ./Libraries/Code/iic.o
LOAD c:/mounriver/mounriver_studio/toolchain/risc-v embedded gcc/bin/../lib/gcc/riscv-none-embed/8.2.0/rv32imac/ilp32\libgcc.a
LOAD c:/mounriver/mounriver_studio/toolchain/risc-v embedded gcc/bin/../lib/gcc/riscv-none-embed/8.2.0/../../../../riscv-none-embed/lib/rv32imac/ilp32\libg_nano.a
LOAD c:/mounriver/mounriver_studio/toolchain/risc-v embedded gcc/bin/../lib/gcc/riscv-none-embed/8.2.0/../../../../riscv-none-embed/lib/rv32imac/ilp32\libc_nano.a
LOAD c:/mounriver/mounriver_studio/toolchain/risc-v embedded gcc/bin/../lib/gcc/riscv-none-embed/8.2.0/rv32imac/ilp32\libgcc.a
START GROUP
LOAD c:/mounriver/mounriver_studio/toolchain/risc-v embedded gcc/bin/../lib/gcc/riscv-none-embed/8.2.0/rv32imac/ilp32\libgcc.a
LOAD c:/mounriver/mounriver_studio/toolchain/risc-v embedded gcc/bin/../lib/gcc/riscv-none-embed/8.2.0/../../../../riscv-none-embed/lib/rv32imac/ilp32\libc_nano.a
LOAD c:/mounriver/mounriver_studio/toolchain/risc-v embedded gcc/bin/../lib/gcc/riscv-none-embed/8.2.0/../../../../riscv-none-embed/lib/rv32imac/ilp32\libnosys.a
END GROUP
START GROUP
LOAD c:/mounriver/mounriver_studio/toolchain/risc-v embedded gcc/bin/../lib/gcc/riscv-none-embed/8.2.0/rv32imac/ilp32\libgcc.a
LOAD c:/mounriver/mounriver_studio/toolchain/risc-v embedded gcc/bin/../lib/gcc/riscv-none-embed/8.2.0/../../../../riscv-none-embed/lib/rv32imac/ilp32\libc_nano.a
LOAD c:/mounriver/mounriver_studio/toolchain/risc-v embedded gcc/bin/../lib/gcc/riscv-none-embed/8.2.0/../../../../riscv-none-embed/lib/rv32imac/ilp32\libnosys.a
END GROUP
                0x0000000000000800                __stack_size = 0x800
                [!provide]                        PROVIDE (_stack_size = __stack_size)

.init           0x0000000000000000       0x38
                0x0000000000000000                _sinit = .
                0x0000000000000000                . = ALIGN (0x4)
 *(SORT_NONE(.init))
 .init          0x0000000000000000       0x38 ./Libraries/wch_libraries/Startup/startup_ch32v10x.o
                0x0000000000000000                _start
                0x0000000000000038                . = ALIGN (0x4)
                0x0000000000000038                _einit = .

.vector         0x0000000000000038      0x108
 *(.vector)
 .vector        0x0000000000000038       0xf0 ./Libraries/wch_libraries/Startup/startup_ch32v10x.o
                0x0000000000000140                . = ALIGN (0x40)
 *fill*         0x0000000000000128       0x18 

.text           0x0000000000000140     0x5b4c
                0x0000000000000140                . = ALIGN (0x4)
 *(.text)
 .text          0x0000000000000140       0xa8 c:/mounriver/mounriver_studio/toolchain/risc-v embedded gcc/bin/../lib/gcc/riscv-none-embed/8.2.0/../../../../riscv-none-embed/lib/rv32imac/ilp32\libg_nano.a(lib_a-memset.o)
                0x0000000000000140                memset
 *(.text.*)
 .text.EXTI0_IRQHandler
                0x00000000000001e8        0x4 ./User/isr.o
                0x00000000000001e8                EXTI0_IRQHandler
 .text.EXTI1_IRQHandler
                0x00000000000001ec       0x2a ./User/isr.o
                0x00000000000001ec                EXTI1_IRQHandler
 .text.EXTI2_IRQHandler
                0x0000000000000216        0xa ./User/isr.o
                0x0000000000000216                EXTI2_IRQHandler
 .text.EXTI3_IRQHandler
                0x0000000000000220        0x4 ./User/isr.o
                0x0000000000000220                EXTI3_IRQHandler
 .text.EXTI4_IRQHandler
                0x0000000000000224        0x4 ./User/isr.o
                0x0000000000000224                EXTI4_IRQHandler
 .text.EXTI9_5_IRQHandler
                0x0000000000000228        0x4 ./User/isr.o
                0x0000000000000228                EXTI9_5_IRQHandler
 .text.EXTI15_10_IRQHandler
                0x000000000000022c        0x4 ./User/isr.o
                0x000000000000022c                EXTI15_10_IRQHandler
 .text.ADC1_2_IRQHandler
                0x0000000000000230        0x4 ./User/isr.o
                0x0000000000000230                ADC1_2_IRQHandler
 .text.TIM1_BRK_IRQHandler
                0x0000000000000234       0x2a ./User/isr.o
                0x0000000000000234                TIM1_BRK_IRQHandler
 .text.TIM1_UP_IRQHandler
                0x000000000000025e       0x26 ./User/isr.o
                0x000000000000025e                TIM1_UP_IRQHandler
 .text.TIM1_TRG_COM_IRQHandler
                0x0000000000000284       0x48 ./User/isr.o
                0x0000000000000284                TIM1_TRG_COM_IRQHandler
 .text.TIM1_CC_IRQHandler
                0x00000000000002cc       0x74 ./User/isr.o
                0x00000000000002cc                TIM1_CC_IRQHandler
 .text.TIM2_IRQHandler
                0x0000000000000340       0x1e ./User/isr.o
                0x0000000000000340                TIM2_IRQHandler
 .text.TIM3_IRQHandler
                0x000000000000035e       0x26 ./User/isr.o
                0x000000000000035e                TIM3_IRQHandler
 .text.TIM4_IRQHandler
                0x0000000000000384       0x26 ./User/isr.o
                0x0000000000000384                TIM4_IRQHandler
 .text.USART1_IRQHandler
                0x00000000000003aa       0x56 ./User/isr.o
                0x00000000000003aa                USART1_IRQHandler
 .text.USART2_IRQHandler
                0x0000000000000400       0x40 ./User/isr.o
                0x0000000000000400                USART2_IRQHandler
 .text.USART3_IRQHandler
                0x0000000000000440        0x4 ./User/isr.o
                0x0000000000000440                USART3_IRQHandler
 .text.DMA1_Channel4_IRQHandler
                0x0000000000000444       0x34 ./User/isr.o
                0x0000000000000444                DMA1_Channel4_IRQHandler
 .text.NMI_Handler
                0x0000000000000478        0x4 ./User/isr.o
                0x0000000000000478                NMI_Handler
 .text.HardFault_Handler
                0x000000000000047c        0x2 ./User/isr.o
                0x000000000000047c                HardFault_Handler
 .text.startup.main
                0x000000000000047e      0x1b2 ./User/main.o
                0x000000000000047e                main
 .text.my_strlen
                0x0000000000000630       0x16 ./TYIOT/mcu_api.o
                0x0000000000000630                my_strlen
 .text.my_memcpy
                0x0000000000000646       0x54 ./TYIOT/mcu_api.o
                0x0000000000000646                my_memcpy
 .text.byte_to_int
                0x000000000000069a       0x2a ./TYIOT/mcu_api.o
                0x000000000000069a                byte_to_int
 .text.mcu_dp_bool_update
                0x00000000000006c4       0x42 ./TYIOT/mcu_api.o
                0x00000000000006c4                mcu_dp_bool_update
 .text.mcu_dp_value_update
                0x0000000000000706       0x5a ./TYIOT/mcu_api.o
                0x0000000000000706                mcu_dp_value_update
 .text.mcu_dp_enum_update
                0x0000000000000760       0x3e ./TYIOT/mcu_api.o
                0x0000000000000760                mcu_dp_enum_update
 .text.mcu_get_dp_download_bool
                0x000000000000079e        0x6 ./TYIOT/mcu_api.o
                0x000000000000079e                mcu_get_dp_download_bool
 .text.mcu_get_dp_download_enum
                0x00000000000007a4        0x6 ./TYIOT/mcu_api.o
                0x00000000000007a4                mcu_get_dp_download_enum
 .text.mcu_get_dp_download_value
                0x00000000000007aa        0x2 ./TYIOT/mcu_api.o
                0x00000000000007aa                mcu_get_dp_download_value
 .text.uart_receive_input
                0x00000000000007ac       0x40 ./TYIOT/mcu_api.o
                0x00000000000007ac                uart_receive_input
 .text.wifi_uart_service
                0x00000000000007ec      0x138 ./TYIOT/mcu_api.o
                0x00000000000007ec                wifi_uart_service
 .text.wifi_protocol_init
                0x0000000000000924       0x18 ./TYIOT/mcu_api.o
                0x0000000000000924                wifi_protocol_init
 .text.wifi_state_get
                0x000000000000093c       0x14 ./TYIOT/mcu_api.o
                0x000000000000093c                wifi_state_get
 .text.uart_transmit_output
                0x0000000000000950        0x8 ./TYIOT/protocol.o
                0x0000000000000950                uart_transmit_output
 .text.all_data_update
                0x0000000000000958       0x14 ./TYIOT/protocol.o
                0x0000000000000958                all_data_update
 .text.dp_download_handle
                0x000000000000096c       0xac ./TYIOT/protocol.o
                0x000000000000096c                dp_download_handle
 .text.get_download_cmd_total
                0x0000000000000a18        0x4 ./TYIOT/protocol.o
                0x0000000000000a18                get_download_cmd_total
 .text.wifi_test_result
                0x0000000000000a1c        0x2 ./TYIOT/protocol.o
                0x0000000000000a1c                wifi_test_result
 .text.set_wifi_uart_byte
                0x0000000000000a1e       0x12 ./TYIOT/system.o
                0x0000000000000a1e                set_wifi_uart_byte
 .text.set_wifi_uart_buffer
                0x0000000000000a30       0x28 ./TYIOT/system.o
                0x0000000000000a30                set_wifi_uart_buffer
 .text.get_check_sum
                0x0000000000000a58       0x24 ./TYIOT/system.o
                0x0000000000000a58                get_check_sum
 .text.wifi_uart_write_frame
                0x0000000000000a7c       0x80 ./TYIOT/system.o
                0x0000000000000a7c                wifi_uart_write_frame
 .text.data_handle
                0x0000000000000afc      0x2ae ./TYIOT/system.o
                0x0000000000000afc                data_handle
 .text.with_data_rxbuff
                0x0000000000000daa       0x10 ./TYIOT/system.o
                0x0000000000000daa                with_data_rxbuff
 .text.take_byte_rxbuff
                0x0000000000000dba       0x34 ./TYIOT/system.o
                0x0000000000000dba                take_byte_rxbuff
 .text.handle_reset
                0x0000000000000dee       0x7e ./Libraries/wch_libraries/Startup/startup_ch32v10x.o
                0x0000000000000dee                handle_reset
 .text.ADC_DeInit
                0x0000000000000e6c       0x26 ./Libraries/wch_libraries/Peripheral/ch32v10x_adc.o
                0x0000000000000e6c                ADC_DeInit
 .text.ADC_Init
                0x0000000000000e92       0x50 ./Libraries/wch_libraries/Peripheral/ch32v10x_adc.o
                0x0000000000000e92                ADC_Init
 .text.ADC_Cmd  0x0000000000000ee2       0x10 ./Libraries/wch_libraries/Peripheral/ch32v10x_adc.o
                0x0000000000000ee2                ADC_Cmd
 .text.ADC_ResetCalibration
                0x0000000000000ef2        0xa ./Libraries/wch_libraries/Peripheral/ch32v10x_adc.o
                0x0000000000000ef2                ADC_ResetCalibration
 .text.ADC_GetResetCalibrationStatus
                0x0000000000000efc        0x8 ./Libraries/wch_libraries/Peripheral/ch32v10x_adc.o
                0x0000000000000efc                ADC_GetResetCalibrationStatus
 .text.ADC_StartCalibration
                0x0000000000000f04        0xa ./Libraries/wch_libraries/Peripheral/ch32v10x_adc.o
                0x0000000000000f04                ADC_StartCalibration
 .text.ADC_GetCalibrationStatus
                0x0000000000000f0e        0x8 ./Libraries/wch_libraries/Peripheral/ch32v10x_adc.o
                0x0000000000000f0e                ADC_GetCalibrationStatus
 .text.ADC_RegularChannelConfig
                0x0000000000000f16       0xb8 ./Libraries/wch_libraries/Peripheral/ch32v10x_adc.o
                0x0000000000000f16                ADC_RegularChannelConfig
 .text.DMA_GetFlagStatus
                0x0000000000000fce       0x20 ./Libraries/wch_libraries/Peripheral/ch32v10x_dma.o
                0x0000000000000fce                DMA_GetFlagStatus
 .text.DMA_ClearFlag
                0x0000000000000fee       0x1a ./Libraries/wch_libraries/Peripheral/ch32v10x_dma.o
                0x0000000000000fee                DMA_ClearFlag
 .text.EXTI_GetITStatus
                0x0000000000001008       0x1e ./Libraries/wch_libraries/Peripheral/ch32v10x_exti.o
                0x0000000000001008                EXTI_GetITStatus
 .text.EXTI_ClearITPendingBit
                0x0000000000001026        0xa ./Libraries/wch_libraries/Peripheral/ch32v10x_exti.o
                0x0000000000001026                EXTI_ClearITPendingBit
 .text.GPIO_Init
                0x0000000000001030       0xc2 ./Libraries/wch_libraries/Peripheral/ch32v10x_gpio.o
                0x0000000000001030                GPIO_Init
 .text.GPIO_WriteBit
                0x00000000000010f2        0xa ./Libraries/wch_libraries/Peripheral/ch32v10x_gpio.o
                0x00000000000010f2                GPIO_WriteBit
 .text.NVIC_Init
                0x00000000000010fc       0xb8 ./Libraries/wch_libraries/Peripheral/ch32v10x_misc.o
                0x00000000000010fc                NVIC_Init
 .text.RCC_ADCCLKConfig
                0x00000000000011b4       0x12 ./Libraries/wch_libraries/Peripheral/ch32v10x_rcc.o
                0x00000000000011b4                RCC_ADCCLKConfig
 .text.RCC_GetClocksFreq
                0x00000000000011c6       0xb4 ./Libraries/wch_libraries/Peripheral/ch32v10x_rcc.o
                0x00000000000011c6                RCC_GetClocksFreq
 .text.RCC_APB2PeriphClockCmd
                0x000000000000127a       0x1e ./Libraries/wch_libraries/Peripheral/ch32v10x_rcc.o
                0x000000000000127a                RCC_APB2PeriphClockCmd
 .text.RCC_APB1PeriphClockCmd
                0x0000000000001298       0x1e ./Libraries/wch_libraries/Peripheral/ch32v10x_rcc.o
                0x0000000000001298                RCC_APB1PeriphClockCmd
 .text.RCC_APB2PeriphResetCmd
                0x00000000000012b6       0x1e ./Libraries/wch_libraries/Peripheral/ch32v10x_rcc.o
                0x00000000000012b6                RCC_APB2PeriphResetCmd
 .text.TIM_GetITStatus
                0x00000000000012d4       0x1c ./Libraries/wch_libraries/Peripheral/ch32v10x_tim.o
                0x00000000000012d4                TIM_GetITStatus
 .text.TIM_ClearITPendingBit
                0x00000000000012f0        0xe ./Libraries/wch_libraries/Peripheral/ch32v10x_tim.o
                0x00000000000012f0                TIM_ClearITPendingBit
 .text.USART_Init
                0x00000000000012fe       0xd8 ./Libraries/wch_libraries/Peripheral/ch32v10x_usart.o
                0x00000000000012fe                USART_Init
 .text.USART_Cmd
                0x00000000000013d6       0x1c ./Libraries/wch_libraries/Peripheral/ch32v10x_usart.o
                0x00000000000013d6                USART_Cmd
 .text.USART_ITConfig
                0x00000000000013f2       0x36 ./Libraries/wch_libraries/Peripheral/ch32v10x_usart.o
                0x00000000000013f2                USART_ITConfig
 .text.USART_SendData
                0x0000000000001428        0xa ./Libraries/wch_libraries/Peripheral/ch32v10x_usart.o
                0x0000000000001428                USART_SendData
 .text.USART_ReceiveData
                0x0000000000001432        0xa ./Libraries/wch_libraries/Peripheral/ch32v10x_usart.o
                0x0000000000001432                USART_ReceiveData
 .text.USART_GetFlagStatus
                0x000000000000143c        0xc ./Libraries/wch_libraries/Peripheral/ch32v10x_usart.o
                0x000000000000143c                USART_GetFlagStatus
 .text.USART_GetITStatus
                0x0000000000001448       0x44 ./Libraries/wch_libraries/Peripheral/ch32v10x_usart.o
                0x0000000000001448                USART_GetITStatus
 .text.USART_ClearITPendingBit
                0x000000000000148c       0x16 ./Libraries/wch_libraries/Peripheral/ch32v10x_usart.o
                0x000000000000148c                USART_ClearITPendingBit
 .text.simiic_init
                0x00000000000014a2       0x28 ./Libraries/seekfree_peripheral/SEEKFREE_IIC.o
                0x00000000000014a2                simiic_init
 .text.mt9v03x_uart_callback
                0x00000000000014ca       0x56 ./Libraries/seekfree_peripheral/SEEKFREE_MT9V03X.o
                0x00000000000014ca                mt9v03x_uart_callback
 .text.mt9v03x_vsync
                0x0000000000001520       0x16 ./Libraries/seekfree_peripheral/SEEKFREE_MT9V03X.o
                0x0000000000001520                mt9v03x_vsync
 .text.mt9v03x_dma
                0x0000000000001536       0x16 ./Libraries/seekfree_peripheral/SEEKFREE_MT9V03X.o
                0x0000000000001536                mt9v03x_dma
 .text.oled_wrdat
                0x000000000000154c       0x56 ./Libraries/seekfree_peripheral/SEEKFREE_OLED.o
                0x000000000000154c                oled_wrdat
 .text.oled_wrcmd
                0x00000000000015a2       0x56 ./Libraries/seekfree_peripheral/SEEKFREE_OLED.o
                0x00000000000015a2                oled_wrcmd
 .text.oled_set_pos
                0x00000000000015f8       0x6a ./Libraries/seekfree_peripheral/SEEKFREE_OLED.o
                0x00000000000015f8                oled_set_pos
 .text.oled_fill
                0x0000000000001662       0x46 ./Libraries/seekfree_peripheral/SEEKFREE_OLED.o
                0x0000000000001662                oled_fill
 .text.oled_init
                0x00000000000016a8      0x124 ./Libraries/seekfree_peripheral/SEEKFREE_OLED.o
                0x00000000000016a8                oled_init
 .text.oled_p6x8str
                0x00000000000017cc       0x8a ./Libraries/seekfree_peripheral/SEEKFREE_OLED.o
                0x00000000000017cc                oled_p6x8str
 .text.oled_printf_float
                0x0000000000001856       0xe4 ./Libraries/seekfree_peripheral/SEEKFREE_OLED.o
                0x0000000000001856                oled_printf_float
 .text.number_conversion_ascii.part.0
                0x000000000000193a       0x2e ./Libraries/seekfree_peripheral/SEEKFREE_PRINTF.o
 .text.number_conversion_ascii
                0x0000000000001968       0x44 ./Libraries/seekfree_peripheral/SEEKFREE_PRINTF.o
                0x0000000000001968                number_conversion_ascii
 .text.printf_reverse_order
                0x00000000000019ac       0x24 ./Libraries/seekfree_peripheral/SEEKFREE_PRINTF.o
                0x00000000000019ac                printf_reverse_order
 .text.zf_sprintf
                0x00000000000019d0      0x2a2 ./Libraries/seekfree_peripheral/SEEKFREE_PRINTF.o
                0x00000000000019d0                zf_sprintf
 .text.ccd_collect
                0x0000000000001c72       0x60 ./Libraries/seekfree_peripheral/SEEKFREE_TSL1401.o
                0x0000000000001c72                ccd_collect
 .text.ov7725_cof_uart_interrupt
                0x0000000000001cd2       0x52 ./Libraries/seekfree_peripheral/SEEKFREE_UART_7725.o
                0x0000000000001cd2                ov7725_cof_uart_interrupt
 .text.ov7725_uart_vsync
                0x0000000000001d24       0x16 ./Libraries/seekfree_peripheral/SEEKFREE_UART_7725.o
                0x0000000000001d24                ov7725_uart_vsync
 .text.ov7725_uart_dma
                0x0000000000001d3a       0x16 ./Libraries/seekfree_peripheral/SEEKFREE_UART_7725.o
                0x0000000000001d3a                ov7725_uart_dma
 .text.adc_gpio_init
                0x0000000000001d50       0xc6 ./Libraries/seekfree_libraries/zf_adc.o
                0x0000000000001d50                adc_gpio_init
 .text.adc_init
                0x0000000000001e16       0x9a ./Libraries/seekfree_libraries/zf_adc.o
                0x0000000000001e16                adc_init
 .text.adc_convert
                0x0000000000001eb0       0x4e ./Libraries/seekfree_libraries/zf_adc.o
                0x0000000000001eb0                adc_convert
 .text.gpio_init
                0x0000000000001efe       0xde ./Libraries/seekfree_libraries/zf_gpio.o
                0x0000000000001efe                gpio_init
 .text.gpio_set
                0x0000000000001fdc       0x24 ./Libraries/seekfree_libraries/zf_gpio.o
                0x0000000000001fdc                gpio_set
 .text.gpio_get
                0x0000000000002000       0x22 ./Libraries/seekfree_libraries/zf_gpio.o
                0x0000000000002000                gpio_get
 .text.SYS_DisableAllIrq
                0x0000000000002022       0x28 ./Libraries/seekfree_libraries/zf_nvic.o
                0x0000000000002022                SYS_DisableAllIrq
 .text.nvic_init
                0x000000000000204a       0x2e ./Libraries/seekfree_libraries/zf_nvic.o
                0x000000000000204a                nvic_init
 .text.SYS_RecoverIrq
                0x0000000000002078       0x12 ./Libraries/seekfree_libraries/zf_nvic.o
                0x0000000000002078                SYS_RecoverIrq
 .text.DisableGlobalIRQ
                0x000000000000208a        0x8 ./Libraries/seekfree_libraries/zf_nvic.o
                0x000000000000208a                DisableGlobalIRQ
 .text.EnableGlobalIRQ
                0x0000000000002092        0xa ./Libraries/seekfree_libraries/zf_nvic.o
                0x0000000000002092                EnableGlobalIRQ
 .text.systick_delay
                0x000000000000209c       0x3c ./Libraries/seekfree_libraries/zf_systick.o
                0x000000000000209c                systick_delay
 .text.uart_gpio_init
                0x00000000000020d8       0xae ./Libraries/seekfree_libraries/zf_uart.o
                0x00000000000020d8                uart_gpio_init
 .text.uart_init
                0x0000000000002186       0x7c ./Libraries/seekfree_libraries/zf_uart.o
                0x0000000000002186                uart_init
 .text.uart_putchar
                0x0000000000002202       0x20 ./Libraries/seekfree_libraries/zf_uart.o
                0x0000000000002202                uart_putchar
 .text.uart_rx_irq
                0x0000000000002222       0x36 ./Libraries/seekfree_libraries/zf_uart.o
                0x0000000000002222                uart_rx_irq
 .text.board_init
                0x0000000000002258       0x32 ./Libraries/board/board.o
                0x0000000000002258                board_init
 .text._write   0x000000000000228a       0x4e ./Libraries/board/board.o
                0x000000000000228a                _write
 .text.SystemInit
                0x00000000000022d8      0x102 ./Libraries/board/clock_config.o
                0x00000000000022d8                SystemInit
 .text.SHT3X_WriteCMD
                0x00000000000023da       0x2a ./Libraries/Code/DHT11.o
                0x00000000000023da                SHT3X_WriteCMD
 .text.SHX3X_ReadResults
                0x0000000000002404       0x72 ./Libraries/Code/DHT11.o
                0x0000000000002404                SHX3X_ReadResults
 .text.SHT3X_CalcTemperature
                0x0000000000002476       0x32 ./Libraries/Code/DHT11.o
                0x0000000000002476                SHT3X_CalcTemperature
 .text.SHT_GetValue
                0x00000000000024a8       0x5c ./Libraries/Code/DHT11.o
                0x00000000000024a8                SHT_GetValue
 .text.IIC_Start
                0x0000000000002504       0x4c ./Libraries/Code/iic.o
                0x0000000000002504                IIC_Start
 .text.IIC_Stop
                0x0000000000002550       0x4c ./Libraries/Code/iic.o
                0x0000000000002550                IIC_Stop
 .text.IIC_Ack  0x000000000000259c       0x4c ./Libraries/Code/iic.o
                0x000000000000259c                IIC_Ack
 .text.IIC_NAck
                0x00000000000025e8       0x4c ./Libraries/Code/iic.o
                0x00000000000025e8                IIC_NAck
 .text.IIC_Wait_Ack
                0x0000000000002634       0x68 ./Libraries/Code/iic.o
                0x0000000000002634                IIC_Wait_Ack
 .text.IIC_Send_Byte
                0x000000000000269c       0x7a ./Libraries/Code/iic.o
                0x000000000000269c                IIC_Send_Byte
 .text.IIC_Read_Byte
                0x0000000000002716       0x7a ./Libraries/Code/iic.o
                0x0000000000002716                IIC_Read_Byte
 .text.__eqdf2  0x0000000000002790       0x6a c:/mounriver/mounriver_studio/toolchain/risc-v embedded gcc/bin/../lib/gcc/riscv-none-embed/8.2.0/rv32imac/ilp32\libgcc.a(eqdf2.o)
                0x0000000000002790                __nedf2
                0x0000000000002790                __eqdf2
 .text.__ledf2  0x00000000000027fa       0xb6 c:/mounriver/mounriver_studio/toolchain/risc-v embedded gcc/bin/../lib/gcc/riscv-none-embed/8.2.0/rv32imac/ilp32\libgcc.a(ledf2.o)
                0x00000000000027fa                __ledf2
                0x00000000000027fa                __ltdf2
 .text.__muldf3
                0x00000000000028b0      0x4b8 c:/mounriver/mounriver_studio/toolchain/risc-v embedded gcc/bin/../lib/gcc/riscv-none-embed/8.2.0/rv32imac/ilp32\libgcc.a(muldf3.o)
                0x00000000000028b0                __muldf3
 .text.__subdf3
                0x0000000000002d68      0x73e c:/mounriver/mounriver_studio/toolchain/risc-v embedded gcc/bin/../lib/gcc/riscv-none-embed/8.2.0/rv32imac/ilp32\libgcc.a(subdf3.o)
                0x0000000000002d68                __subdf3
 .text.__fixdfsi
                0x00000000000034a6       0x68 c:/mounriver/mounriver_studio/toolchain/risc-v embedded gcc/bin/../lib/gcc/riscv-none-embed/8.2.0/rv32imac/ilp32\libgcc.a(fixdfsi.o)
                0x00000000000034a6                __fixdfsi
 .text.__fixunsdfsi
                0x000000000000350e       0x5c c:/mounriver/mounriver_studio/toolchain/risc-v embedded gcc/bin/../lib/gcc/riscv-none-embed/8.2.0/rv32imac/ilp32\libgcc.a(fixunsdfsi.o)
                0x000000000000350e                __fixunsdfsi
 .text.__floatsidf
                0x000000000000356a       0x72 c:/mounriver/mounriver_studio/toolchain/risc-v embedded gcc/bin/../lib/gcc/riscv-none-embed/8.2.0/rv32imac/ilp32\libgcc.a(floatsidf.o)
                0x000000000000356a                __floatsidf
 .text.__divsf3
                0x00000000000035dc      0x2b2 c:/mounriver/mounriver_studio/toolchain/risc-v embedded gcc/bin/../lib/gcc/riscv-none-embed/8.2.0/rv32imac/ilp32\libgcc.a(divsf3.o)
                0x00000000000035dc                __divsf3
 .text.__mulsf3
                0x000000000000388e      0x294 c:/mounriver/mounriver_studio/toolchain/risc-v embedded gcc/bin/../lib/gcc/riscv-none-embed/8.2.0/rv32imac/ilp32\libgcc.a(mulsf3.o)
                0x000000000000388e                __mulsf3
 .text.__subsf3
                0x0000000000003b22      0x388 c:/mounriver/mounriver_studio/toolchain/risc-v embedded gcc/bin/../lib/gcc/riscv-none-embed/8.2.0/rv32imac/ilp32\libgcc.a(subsf3.o)
                0x0000000000003b22                __subsf3
 .text.__fixunssfsi
                0x0000000000003eaa       0x56 c:/mounriver/mounriver_studio/toolchain/risc-v embedded gcc/bin/../lib/gcc/riscv-none-embed/8.2.0/rv32imac/ilp32\libgcc.a(fixunssfsi.o)
                0x0000000000003eaa                __fixunssfsi
 .text.__floatunsisf
                0x0000000000003f00       0xce c:/mounriver/mounriver_studio/toolchain/risc-v embedded gcc/bin/../lib/gcc/riscv-none-embed/8.2.0/rv32imac/ilp32\libgcc.a(floatunsisf.o)
                0x0000000000003f00                __floatunsisf
 .text.__extendsfdf2
                0x0000000000003fce       0xac c:/mounriver/mounriver_studio/toolchain/risc-v embedded gcc/bin/../lib/gcc/riscv-none-embed/8.2.0/rv32imac/ilp32\libgcc.a(extendsfdf2.o)
                0x0000000000003fce                __extendsfdf2
 .text.__truncdfsf2
                0x000000000000407a      0x16a c:/mounriver/mounriver_studio/toolchain/risc-v embedded gcc/bin/../lib/gcc/riscv-none-embed/8.2.0/rv32imac/ilp32\libgcc.a(truncdfsf2.o)
                0x000000000000407a                __truncdfsf2
 .text.__clzsi2
                0x00000000000041e4       0x76 c:/mounriver/mounriver_studio/toolchain/risc-v embedded gcc/bin/../lib/gcc/riscv-none-embed/8.2.0/rv32imac/ilp32\libgcc.a(_clzsi2.o)
                0x00000000000041e4                __clzsi2
 .text.__assert_func
                0x000000000000425a       0x3e c:/mounriver/mounriver_studio/toolchain/risc-v embedded gcc/bin/../lib/gcc/riscv-none-embed/8.2.0/../../../../riscv-none-embed/lib/rv32imac/ilp32\libg_nano.a(lib_a-assert.o)
                0x000000000000425a                __assert_func
 .text.fprintf  0x0000000000004298       0x2a c:/mounriver/mounriver_studio/toolchain/risc-v embedded gcc/bin/../lib/gcc/riscv-none-embed/8.2.0/../../../../riscv-none-embed/lib/rv32imac/ilp32\libg_nano.a(lib_a-fprintf.o)
                0x0000000000004298                fiprintf
                0x0000000000004298                fprintf
 .text.memcpy   0x00000000000042c2       0xb6 c:/mounriver/mounriver_studio/toolchain/risc-v embedded gcc/bin/../lib/gcc/riscv-none-embed/8.2.0/../../../../riscv-none-embed/lib/rv32imac/ilp32\libg_nano.a(lib_a-memcpy.o)
                0x00000000000042c2                memcpy
 .text.__sfputc_r
                0x0000000000004378       0x28 c:/mounriver/mounriver_studio/toolchain/risc-v embedded gcc/bin/../lib/gcc/riscv-none-embed/8.2.0/../../../../riscv-none-embed/lib/rv32imac/ilp32\libg_nano.a(lib_a-nano-vfprintf.o)
 .text.__sfputs_r
                0x00000000000043a0       0x44 c:/mounriver/mounriver_studio/toolchain/risc-v embedded gcc/bin/../lib/gcc/riscv-none-embed/8.2.0/../../../../riscv-none-embed/lib/rv32imac/ilp32\libg_nano.a(lib_a-nano-vfprintf.o)
                0x00000000000043a0                __sfputs_r
 .text._vfprintf_r
                0x00000000000043e4      0x2a0 c:/mounriver/mounriver_studio/toolchain/risc-v embedded gcc/bin/../lib/gcc/riscv-none-embed/8.2.0/../../../../riscv-none-embed/lib/rv32imac/ilp32\libg_nano.a(lib_a-nano-vfprintf.o)
                0x00000000000043e4                _vfprintf_r
                0x00000000000043e4                _vfiprintf_r
 .text._printf_common
                0x0000000000004684      0x10c c:/mounriver/mounriver_studio/toolchain/risc-v embedded gcc/bin/../lib/gcc/riscv-none-embed/8.2.0/../../../../riscv-none-embed/lib/rv32imac/ilp32\libg_nano.a(lib_a-nano-vfprintf_i.o)
                0x0000000000004684                _printf_common
 .text._printf_i
                0x0000000000004790      0x2a4 c:/mounriver/mounriver_studio/toolchain/risc-v embedded gcc/bin/../lib/gcc/riscv-none-embed/8.2.0/../../../../riscv-none-embed/lib/rv32imac/ilp32\libg_nano.a(lib_a-nano-vfprintf_i.o)
                0x0000000000004790                _printf_i
 .text.__swbuf_r
                0x0000000000004a34       0xc0 c:/mounriver/mounriver_studio/toolchain/risc-v embedded gcc/bin/../lib/gcc/riscv-none-embed/8.2.0/../../../../riscv-none-embed/lib/rv32imac/ilp32\libg_nano.a(lib_a-wbuf.o)
                0x0000000000004a34                __swbuf_r
 .text.__swsetup_r
                0x0000000000004af4      0x110 c:/mounriver/mounriver_studio/toolchain/risc-v embedded gcc/bin/../lib/gcc/riscv-none-embed/8.2.0/../../../../riscv-none-embed/lib/rv32imac/ilp32\libg_nano.a(lib_a-wsetup.o)
                0x0000000000004af4                __swsetup_r
 .text.abort    0x0000000000004c04        0xe c:/mounriver/mounriver_studio/toolchain/risc-v embedded gcc/bin/../lib/gcc/riscv-none-embed/8.2.0/../../../../riscv-none-embed/lib/rv32imac/ilp32\libg_nano.a(lib_a-abort.o)
                0x0000000000004c04                abort
 .text.__sflush_r
                0x0000000000004c12      0x13c c:/mounriver/mounriver_studio/toolchain/risc-v embedded gcc/bin/../lib/gcc/riscv-none-embed/8.2.0/../../../../riscv-none-embed/lib/rv32imac/ilp32\libg_nano.a(lib_a-fflush.o)
                0x0000000000004c12                __sflush_r
 .text._fflush_r
                0x0000000000004d4e       0x66 c:/mounriver/mounriver_studio/toolchain/risc-v embedded gcc/bin/../lib/gcc/riscv-none-embed/8.2.0/../../../../riscv-none-embed/lib/rv32imac/ilp32\libg_nano.a(lib_a-fflush.o)
                0x0000000000004d4e                _fflush_r
 .text.std      0x0000000000004db4       0x6a c:/mounriver/mounriver_studio/toolchain/risc-v embedded gcc/bin/../lib/gcc/riscv-none-embed/8.2.0/../../../../riscv-none-embed/lib/rv32imac/ilp32\libg_nano.a(lib_a-findfp.o)
 .text._cleanup_r
                0x0000000000004e1e        0xa c:/mounriver/mounriver_studio/toolchain/risc-v embedded gcc/bin/../lib/gcc/riscv-none-embed/8.2.0/../../../../riscv-none-embed/lib/rv32imac/ilp32\libg_nano.a(lib_a-findfp.o)
                0x0000000000004e1e                _cleanup_r
 .text.__sfmoreglue
                0x0000000000004e28       0x46 c:/mounriver/mounriver_studio/toolchain/risc-v embedded gcc/bin/../lib/gcc/riscv-none-embed/8.2.0/../../../../riscv-none-embed/lib/rv32imac/ilp32\libg_nano.a(lib_a-findfp.o)
                0x0000000000004e28                __sfmoreglue
 .text.__sinit  0x0000000000004e6e       0x6c c:/mounriver/mounriver_studio/toolchain/risc-v embedded gcc/bin/../lib/gcc/riscv-none-embed/8.2.0/../../../../riscv-none-embed/lib/rv32imac/ilp32\libg_nano.a(lib_a-findfp.o)
                0x0000000000004e6e                __sinit
 .text.__sfp    0x0000000000004eda       0xa0 c:/mounriver/mounriver_studio/toolchain/risc-v embedded gcc/bin/../lib/gcc/riscv-none-embed/8.2.0/../../../../riscv-none-embed/lib/rv32imac/ilp32\libg_nano.a(lib_a-findfp.o)
                0x0000000000004eda                __sfp
 .text._fwalk_reent
                0x0000000000004f7a       0x6c c:/mounriver/mounriver_studio/toolchain/risc-v embedded gcc/bin/../lib/gcc/riscv-none-embed/8.2.0/../../../../riscv-none-embed/lib/rv32imac/ilp32\libg_nano.a(lib_a-fwalk.o)
                0x0000000000004f7a                _fwalk_reent
 .text.__swhatbuf_r
                0x0000000000004fe6       0x58 c:/mounriver/mounriver_studio/toolchain/risc-v embedded gcc/bin/../lib/gcc/riscv-none-embed/8.2.0/../../../../riscv-none-embed/lib/rv32imac/ilp32\libg_nano.a(lib_a-makebuf.o)
                0x0000000000004fe6                __swhatbuf_r
 .text.__smakebuf_r
                0x000000000000503e       0x9e c:/mounriver/mounriver_studio/toolchain/risc-v embedded gcc/bin/../lib/gcc/riscv-none-embed/8.2.0/../../../../riscv-none-embed/lib/rv32imac/ilp32\libg_nano.a(lib_a-makebuf.o)
                0x000000000000503e                __smakebuf_r
 .text.memchr   0x00000000000050dc       0x1a c:/mounriver/mounriver_studio/toolchain/risc-v embedded gcc/bin/../lib/gcc/riscv-none-embed/8.2.0/../../../../riscv-none-embed/lib/rv32imac/ilp32\libg_nano.a(lib_a-memchr.o)
                0x00000000000050dc                memchr
 .text._free_r  0x00000000000050f6       0xa4 c:/mounriver/mounriver_studio/toolchain/risc-v embedded gcc/bin/../lib/gcc/riscv-none-embed/8.2.0/../../../../riscv-none-embed/lib/rv32imac/ilp32\libg_nano.a(lib_a-nano-freer.o)
                0x00000000000050f6                _free_r
 .text._malloc_r
                0x000000000000519a       0xce c:/mounriver/mounriver_studio/toolchain/risc-v embedded gcc/bin/../lib/gcc/riscv-none-embed/8.2.0/../../../../riscv-none-embed/lib/rv32imac/ilp32\libg_nano.a(lib_a-nano-mallocr.o)
                0x000000000000519a                _malloc_r
 .text._sbrk_r  0x0000000000005268       0x30 c:/mounriver/mounriver_studio/toolchain/risc-v embedded gcc/bin/../lib/gcc/riscv-none-embed/8.2.0/../../../../riscv-none-embed/lib/rv32imac/ilp32\libg_nano.a(lib_a-sbrkr.o)
                0x0000000000005268                _sbrk_r
 .text._raise_r
                0x0000000000005298       0x62 c:/mounriver/mounriver_studio/toolchain/risc-v embedded gcc/bin/../lib/gcc/riscv-none-embed/8.2.0/../../../../riscv-none-embed/lib/rv32imac/ilp32\libg_nano.a(lib_a-signal.o)
                0x0000000000005298                _raise_r
 .text.raise    0x00000000000052fa       0x10 c:/mounriver/mounriver_studio/toolchain/risc-v embedded gcc/bin/../lib/gcc/riscv-none-embed/8.2.0/../../../../riscv-none-embed/lib/rv32imac/ilp32\libg_nano.a(lib_a-signal.o)
                0x00000000000052fa                raise
 .text._kill_r  0x000000000000530a       0x32 c:/mounriver/mounriver_studio/toolchain/risc-v embedded gcc/bin/../lib/gcc/riscv-none-embed/8.2.0/../../../../riscv-none-embed/lib/rv32imac/ilp32\libg_nano.a(lib_a-signalr.o)
                0x000000000000530a                _kill_r
 .text._getpid_r
                0x000000000000533c        0x2 c:/mounriver/mounriver_studio/toolchain/risc-v embedded gcc/bin/../lib/gcc/riscv-none-embed/8.2.0/../../../../riscv-none-embed/lib/rv32imac/ilp32\libg_nano.a(lib_a-signalr.o)
                0x000000000000533c                _getpid_r
 .text.__sread  0x000000000000533e       0x30 c:/mounriver/mounriver_studio/toolchain/risc-v embedded gcc/bin/../lib/gcc/riscv-none-embed/8.2.0/../../../../riscv-none-embed/lib/rv32imac/ilp32\libg_nano.a(lib_a-stdio.o)
                0x000000000000533e                __sread
 .text.__swrite
                0x000000000000536e       0x4e c:/mounriver/mounriver_studio/toolchain/risc-v embedded gcc/bin/../lib/gcc/riscv-none-embed/8.2.0/../../../../riscv-none-embed/lib/rv32imac/ilp32\libg_nano.a(lib_a-stdio.o)
                0x000000000000536e                __swrite
 .text.__sseek  0x00000000000053bc       0x36 c:/mounriver/mounriver_studio/toolchain/risc-v embedded gcc/bin/../lib/gcc/riscv-none-embed/8.2.0/../../../../riscv-none-embed/lib/rv32imac/ilp32\libg_nano.a(lib_a-stdio.o)
                0x00000000000053bc                __sseek
 .text.__sclose
                0x00000000000053f2        0x6 c:/mounriver/mounriver_studio/toolchain/risc-v embedded gcc/bin/../lib/gcc/riscv-none-embed/8.2.0/../../../../riscv-none-embed/lib/rv32imac/ilp32\libg_nano.a(lib_a-stdio.o)
                0x00000000000053f2                __sclose
 .text._write_r
                0x00000000000053f8       0x36 c:/mounriver/mounriver_studio/toolchain/risc-v embedded gcc/bin/../lib/gcc/riscv-none-embed/8.2.0/../../../../riscv-none-embed/lib/rv32imac/ilp32\libg_nano.a(lib_a-writer.o)
                0x00000000000053f8                _write_r
 .text._close_r
                0x000000000000542e       0x30 c:/mounriver/mounriver_studio/toolchain/risc-v embedded gcc/bin/../lib/gcc/riscv-none-embed/8.2.0/../../../../riscv-none-embed/lib/rv32imac/ilp32\libg_nano.a(lib_a-closer.o)
                0x000000000000542e                _close_r
 .text._fstat_r
                0x000000000000545e       0x32 c:/mounriver/mounriver_studio/toolchain/risc-v embedded gcc/bin/../lib/gcc/riscv-none-embed/8.2.0/../../../../riscv-none-embed/lib/rv32imac/ilp32\libg_nano.a(lib_a-fstatr.o)
                0x000000000000545e                _fstat_r
 .text._isatty_r
                0x0000000000005490       0x30 c:/mounriver/mounriver_studio/toolchain/risc-v embedded gcc/bin/../lib/gcc/riscv-none-embed/8.2.0/../../../../riscv-none-embed/lib/rv32imac/ilp32\libg_nano.a(lib_a-isattyr.o)
                0x0000000000005490                _isatty_r
 .text._lseek_r
                0x00000000000054c0       0x34 c:/mounriver/mounriver_studio/toolchain/risc-v embedded gcc/bin/../lib/gcc/riscv-none-embed/8.2.0/../../../../riscv-none-embed/lib/rv32imac/ilp32\libg_nano.a(lib_a-lseekr.o)
                0x00000000000054c0                _lseek_r
 .text.__malloc_lock
                0x00000000000054f4        0x2 c:/mounriver/mounriver_studio/toolchain/risc-v embedded gcc/bin/../lib/gcc/riscv-none-embed/8.2.0/../../../../riscv-none-embed/lib/rv32imac/ilp32\libg_nano.a(lib_a-mlock.o)
                0x00000000000054f4                __malloc_lock
 .text.__malloc_unlock
                0x00000000000054f6        0x2 c:/mounriver/mounriver_studio/toolchain/risc-v embedded gcc/bin/../lib/gcc/riscv-none-embed/8.2.0/../../../../riscv-none-embed/lib/rv32imac/ilp32\libg_nano.a(lib_a-mlock.o)
                0x00000000000054f6                __malloc_unlock
 .text._read_r  0x00000000000054f8       0x34 c:/mounriver/mounriver_studio/toolchain/risc-v embedded gcc/bin/../lib/gcc/riscv-none-embed/8.2.0/../../../../riscv-none-embed/lib/rv32imac/ilp32\libg_nano.a(lib_a-readr.o)
                0x00000000000054f8                _read_r
 .text._close   0x000000000000552c       0x10 c:/mounriver/mounriver_studio/toolchain/risc-v embedded gcc/bin/../lib/gcc/riscv-none-embed/8.2.0/../../../../riscv-none-embed/lib/rv32imac/ilp32\libnosys.a(close.o)
                0x000000000000552c                _close
 .text._fstat   0x000000000000553c       0x10 c:/mounriver/mounriver_studio/toolchain/risc-v embedded gcc/bin/../lib/gcc/riscv-none-embed/8.2.0/../../../../riscv-none-embed/lib/rv32imac/ilp32\libnosys.a(fstat.o)
                0x000000000000553c                _fstat
 .text._getpid  0x000000000000554c       0x10 c:/mounriver/mounriver_studio/toolchain/risc-v embedded gcc/bin/../lib/gcc/riscv-none-embed/8.2.0/../../../../riscv-none-embed/lib/rv32imac/ilp32\libnosys.a(getpid.o)
                0x000000000000554c                _getpid
 .text._isatty  0x000000000000555c       0x10 c:/mounriver/mounriver_studio/toolchain/risc-v embedded gcc/bin/../lib/gcc/riscv-none-embed/8.2.0/../../../../riscv-none-embed/lib/rv32imac/ilp32\libnosys.a(isatty.o)
                0x000000000000555c                _isatty
 .text._kill    0x000000000000556c       0x10 c:/mounriver/mounriver_studio/toolchain/risc-v embedded gcc/bin/../lib/gcc/riscv-none-embed/8.2.0/../../../../riscv-none-embed/lib/rv32imac/ilp32\libnosys.a(kill.o)
                0x000000000000556c                _kill
 .text._lseek   0x000000000000557c       0x10 c:/mounriver/mounriver_studio/toolchain/risc-v embedded gcc/bin/../lib/gcc/riscv-none-embed/8.2.0/../../../../riscv-none-embed/lib/rv32imac/ilp32\libnosys.a(lseek.o)
                0x000000000000557c                _lseek
 .text._read    0x000000000000558c       0x10 c:/mounriver/mounriver_studio/toolchain/risc-v embedded gcc/bin/../lib/gcc/riscv-none-embed/8.2.0/../../../../riscv-none-embed/lib/rv32imac/ilp32\libnosys.a(read.o)
                0x000000000000558c                _read
 .text._sbrk    0x000000000000559c       0x24 c:/mounriver/mounriver_studio/toolchain/risc-v embedded gcc/bin/../lib/gcc/riscv-none-embed/8.2.0/../../../../riscv-none-embed/lib/rv32imac/ilp32\libnosys.a(sbrk.o)
                0x000000000000559c                _sbrk
 .text._exit    0x00000000000055c0        0x2 c:/mounriver/mounriver_studio/toolchain/risc-v embedded gcc/bin/../lib/gcc/riscv-none-embed/8.2.0/../../../../riscv-none-embed/lib/rv32imac/ilp32\libnosys.a(_exit.o)
                0x00000000000055c0                _exit
 *(.rodata)
 *(.rodata*)
 *fill*         0x00000000000055c2        0x2 
 .rodata.main.cst4
                0x00000000000055c4        0x4 ./User/main.o
 *fill*         0x00000000000055c8        0x0 
 .rodata.main.cst8
                0x00000000000055c8       0x20 ./User/main.o
 .rodata.main.str1.4
                0x00000000000055e8       0x15 ./User/main.o
 *fill*         0x00000000000055fd        0x3 
 .rodata.dp_download_handle
                0x0000000000005600       0x44 ./TYIOT/protocol.o
 .rodata.download_cmd
                0x0000000000005644       0x2c ./TYIOT/protocol.o
                0x0000000000005644                download_cmd
 .rodata.data_handle
                0x0000000000005670       0x3c ./TYIOT/system.o
 .rodata.data_handle.str1.4
                0x00000000000056ac       0x3a ./TYIOT/system.o
 *fill*         0x00000000000056e6        0x2 
 .rodata.oled_6x8
                0x00000000000056e8      0x228 ./Libraries/seekfree_peripheral/SEEKFREE_FONT.o
                0x00000000000056e8                oled_6x8
 .rodata.__func__.3170
                0x0000000000005910        0xd ./Libraries/seekfree_peripheral/SEEKFREE_OLED.o
 *fill*         0x000000000000591d        0x3 
 .rodata.oled_printf_float.str1.4
                0x0000000000005920        0x3 ./Libraries/seekfree_peripheral/SEEKFREE_OLED.o
 *fill*         0x0000000000005923        0x1 
 .rodata.oled_set_pos.str1.4
                0x0000000000005924       0x4e ./Libraries/seekfree_peripheral/SEEKFREE_OLED.o
 *fill*         0x0000000000005972        0x6 
 .rodata.zf_sprintf.cst8
                0x0000000000005978        0x8 ./Libraries/seekfree_peripheral/SEEKFREE_PRINTF.o
 .rodata.GPION  0x0000000000005980       0x10 ./Libraries/seekfree_libraries/zf_gpio.o
                0x0000000000005980                GPION
 .rodata.UARTN  0x0000000000005990       0x10 ./Libraries/seekfree_libraries/zf_uart.o
                0x0000000000005990                UARTN
 .rodata.SHT3X_CalcRH.cst4
                0x00000000000059a0        0x4 ./Libraries/Code/DHT11.o
 .rodata.SHT3X_CalcTemperature.cst4
                0x00000000000059a4        0xc ./Libraries/Code/DHT11.o
 .rodata.__muldf3
                0x00000000000059b0       0x40 c:/mounriver/mounriver_studio/toolchain/risc-v embedded gcc/bin/../lib/gcc/riscv-none-embed/8.2.0/rv32imac/ilp32\libgcc.a(muldf3.o)
 .rodata.__divsf3
                0x00000000000059f0       0x80 c:/mounriver/mounriver_studio/toolchain/risc-v embedded gcc/bin/../lib/gcc/riscv-none-embed/8.2.0/rv32imac/ilp32\libgcc.a(divsf3.o)
 .rodata.__mulsf3
                0x0000000000005a70       0x40 c:/mounriver/mounriver_studio/toolchain/risc-v embedded gcc/bin/../lib/gcc/riscv-none-embed/8.2.0/rv32imac/ilp32\libgcc.a(mulsf3.o)
 .rodata.__clz_tab
                0x0000000000005ab0      0x100 c:/mounriver/mounriver_studio/toolchain/risc-v embedded gcc/bin/../lib/gcc/riscv-none-embed/8.2.0/rv32imac/ilp32\libgcc.a(_clz.o)
                0x0000000000005ab0                __clz_tab
 .rodata.__assert_func.str1.4
                0x0000000000005bb0       0x3f c:/mounriver/mounriver_studio/toolchain/risc-v embedded gcc/bin/../lib/gcc/riscv-none-embed/8.2.0/../../../../riscv-none-embed/lib/rv32imac/ilp32\libg_nano.a(lib_a-assert.o)
                                         0x43 (size before relaxing)
 *fill*         0x0000000000005bef        0x1 
 .rodata._vfprintf_r.str1.4
                0x0000000000005bf0       0x13 c:/mounriver/mounriver_studio/toolchain/risc-v embedded gcc/bin/../lib/gcc/riscv-none-embed/8.2.0/../../../../riscv-none-embed/lib/rv32imac/ilp32\libg_nano.a(lib_a-nano-vfprintf.o)
 *fill*         0x0000000000005c03        0x1 
 .rodata._printf_i.str1.4
                0x0000000000005c04       0x28 c:/mounriver/mounriver_studio/toolchain/risc-v embedded gcc/bin/../lib/gcc/riscv-none-embed/8.2.0/../../../../riscv-none-embed/lib/rv32imac/ilp32\libg_nano.a(lib_a-nano-vfprintf_i.o)
                                         0x25 (size before relaxing)
 .rodata.__sf_fake_stderr
                0x0000000000005c2c       0x20 c:/mounriver/mounriver_studio/toolchain/risc-v embedded gcc/bin/../lib/gcc/riscv-none-embed/8.2.0/../../../../riscv-none-embed/lib/rv32imac/ilp32\libg_nano.a(lib_a-findfp.o)
                0x0000000000005c2c                __sf_fake_stderr
 .rodata.__sf_fake_stdin
                0x0000000000005c4c       0x20 c:/mounriver/mounriver_studio/toolchain/risc-v embedded gcc/bin/../lib/gcc/riscv-none-embed/8.2.0/../../../../riscv-none-embed/lib/rv32imac/ilp32\libg_nano.a(lib_a-findfp.o)
                0x0000000000005c4c                __sf_fake_stdin
 .rodata.__sf_fake_stdout
                0x0000000000005c6c       0x20 c:/mounriver/mounriver_studio/toolchain/risc-v embedded gcc/bin/../lib/gcc/riscv-none-embed/8.2.0/../../../../riscv-none-embed/lib/rv32imac/ilp32\libg_nano.a(lib_a-findfp.o)
                0x0000000000005c6c                __sf_fake_stdout
 *(.glue_7)
 *(.glue_7t)
 *(.gnu.linkonce.t.*)
                0x0000000000005c8c                . = ALIGN (0x4)

.rela.dyn       0x0000000000005c8c        0x0
 .rela.text.startup.main
                0x0000000000005c8c        0x0 ./User/isr.o
 .rela.text.mcu_dp_bool_update
                0x0000000000005c8c        0x0 ./User/isr.o
 .rela.text.mcu_dp_value_update
                0x0000000000005c8c        0x0 ./User/isr.o
 .rela.text.mcu_dp_enum_update
                0x0000000000005c8c        0x0 ./User/isr.o
 .rela.text.uart_receive_input
                0x0000000000005c8c        0x0 ./User/isr.o
 .rela.text.wifi_uart_service
                0x0000000000005c8c        0x0 ./User/isr.o
 .rela.text.wifi_protocol_init
                0x0000000000005c8c        0x0 ./User/isr.o
 .rela.text.wifi_state_get
                0x0000000000005c8c        0x0 ./User/isr.o
 .rela.text.set_wifi_uart_byte
                0x0000000000005c8c        0x0 ./User/isr.o
 .rela.text.set_wifi_uart_buffer
                0x0000000000005c8c        0x0 ./User/isr.o
 .rela.text.wifi_uart_write_frame
                0x0000000000005c8c        0x0 ./User/isr.o
 .rela.text.data_handle
                0x0000000000005c8c        0x0 ./User/isr.o
 .rela.text.with_data_rxbuff
                0x0000000000005c8c        0x0 ./User/isr.o
 .rela.text.take_byte_rxbuff
                0x0000000000005c8c        0x0 ./User/isr.o
 .rela.init     0x0000000000005c8c        0x0 ./User/isr.o
 .rela.vector   0x0000000000005c8c        0x0 ./User/isr.o
 .rela.text.handle_reset
                0x0000000000005c8c        0x0 ./User/isr.o
 .rela.text.mt9v03x_uart_callback
                0x0000000000005c8c        0x0 ./User/isr.o
 .rela.text.ccd_collect
                0x0000000000005c8c        0x0 ./User/isr.o
 .rela.text.ov7725_cof_uart_interrupt
                0x0000000000005c8c        0x0 ./User/isr.o
 .rela.text.SHT_GetValue
                0x0000000000005c8c        0x0 ./User/isr.o
 .rela.text._vfprintf_r
                0x0000000000005c8c        0x0 ./User/isr.o
 .rela.text._sbrk_r
                0x0000000000005c8c        0x0 ./User/isr.o
 .rela.text._kill_r
                0x0000000000005c8c        0x0 ./User/isr.o
 .rela.text._write_r
                0x0000000000005c8c        0x0 ./User/isr.o
 .rela.text._close_r
                0x0000000000005c8c        0x0 ./User/isr.o
 .rela.text._fstat_r
                0x0000000000005c8c        0x0 ./User/isr.o
 .rela.text._isatty_r
                0x0000000000005c8c        0x0 ./User/isr.o
 .rela.text._lseek_r
                0x0000000000005c8c        0x0 ./User/isr.o
 .rela.text._read_r
                0x0000000000005c8c        0x0 ./User/isr.o
 .rela.text._close
                0x0000000000005c8c        0x0 ./User/isr.o
 .rela.text._fstat
                0x0000000000005c8c        0x0 ./User/isr.o
 .rela.text._getpid
                0x0000000000005c8c        0x0 ./User/isr.o
 .rela.text._isatty
                0x0000000000005c8c        0x0 ./User/isr.o
 .rela.text._kill
                0x0000000000005c8c        0x0 ./User/isr.o
 .rela.text._lseek
                0x0000000000005c8c        0x0 ./User/isr.o
 .rela.text._read
                0x0000000000005c8c        0x0 ./User/isr.o
 .rela.text._sbrk
                0x0000000000005c8c        0x0 ./User/isr.o

.fini           0x0000000000005c8c        0x0
 *(SORT_NONE(.fini))
                0x0000000000005c8c                . = ALIGN (0x4)
                [!provide]                        PROVIDE (_etext = .)
                [!provide]                        PROVIDE (_eitcm = .)

.preinit_array  0x0000000000005c8c        0x0
                [!provide]                        PROVIDE (__preinit_array_start = .)
 *(.preinit_array)
                [!provide]                        PROVIDE (__preinit_array_end = .)

.init_array     0x0000000000005c8c        0x0
                [!provide]                        PROVIDE (__init_array_start = .)
 *(SORT_BY_INIT_PRIORITY(.init_array.*) SORT_BY_INIT_PRIORITY(.ctors.*))
 *(.init_array EXCLUDE_FILE(*crtend?.o *crtend.o *crtbegin?.o *crtbegin.o) .ctors)
                [!provide]                        PROVIDE (__init_array_end = .)

.fini_array     0x0000000000005c8c        0x0
                [!provide]                        PROVIDE (__fini_array_start = .)
 *(SORT_BY_INIT_PRIORITY(.fini_array.*) SORT_BY_INIT_PRIORITY(.dtors.*))
 *(.fini_array EXCLUDE_FILE(*crtend?.o *crtend.o *crtbegin?.o *crtbegin.o) .dtors)
                [!provide]                        PROVIDE (__fini_array_end = .)

.ctors
 *crtbegin.o(.ctors)
 *crtbegin?.o(.ctors)
 *(EXCLUDE_FILE(*crtend?.o *crtend.o) .ctors)
 *(SORT_BY_NAME(.ctors.*))
 *(.ctors)

.dtors
 *crtbegin.o(.dtors)
 *crtbegin?.o(.dtors)
 *(EXCLUDE_FILE(*crtend?.o *crtend.o) .dtors)
 *(SORT_BY_NAME(.dtors.*))
 *(.dtors)

.dalign         0x0000000020000000        0x0 load address 0x0000000000005c8c
                0x0000000020000000                . = ALIGN (0x4)
                0x0000000020000000                PROVIDE (_data_vma = .)

.dlalign        0x0000000000005c8c        0x0
                0x0000000000005c8c                . = ALIGN (0x4)
                0x0000000000005c8c                PROVIDE (_data_lma = .)

.data           0x0000000020000000       0x80 load address 0x0000000000005c8c
 *(.gnu.linkonce.r.*)
 *(.data .data.*)
 .data.APBAHBPrescTable
                0x0000000020000000       0x10 ./Libraries/wch_libraries/Peripheral/ch32v10x_rcc.o
 .data.impure_data
                0x0000000020000010       0x60 c:/mounriver/mounriver_studio/toolchain/risc-v embedded gcc/bin/../lib/gcc/riscv-none-embed/8.2.0/../../../../riscv-none-embed/lib/rv32imac/ilp32\libg_nano.a(lib_a-impure.o)
 *(.gnu.linkonce.d.*)
                0x0000000020000070                . = ALIGN (0x8)
                0x0000000020000870                PROVIDE (__global_pointer$ = (. + 0x800))
 *(.sdata .sdata.*)
 .sdata.ADCPrescTable
                0x0000000020000070        0x4 ./Libraries/wch_libraries/Peripheral/ch32v10x_rcc.o
 .sdata._impure_ptr
                0x0000000020000074        0x4 c:/mounriver/mounriver_studio/toolchain/risc-v embedded gcc/bin/../lib/gcc/riscv-none-embed/8.2.0/../../../../riscv-none-embed/lib/rv32imac/ilp32\libg_nano.a(lib_a-impure.o)
                0x0000000020000074                _impure_ptr
 *(.sdata2.*)
 .sdata2._global_impure_ptr
                0x0000000020000078        0x4 c:/mounriver/mounriver_studio/toolchain/risc-v embedded gcc/bin/../lib/gcc/riscv-none-embed/8.2.0/../../../../riscv-none-embed/lib/rv32imac/ilp32\libg_nano.a(lib_a-impure.o)
                0x0000000020000078                _global_impure_ptr
 *(.gnu.linkonce.s.*)
                0x0000000020000080                . = ALIGN (0x8)
 *fill*         0x000000002000007c        0x4 
 *(.srodata.cst16)
 *(.srodata.cst8)
 *(.srodata.cst4)
 *(.srodata.cst2)
 *(.srodata .srodata.*)
                0x0000000020000080                . = ALIGN (0x4)
                0x0000000020000080                PROVIDE (_edata = .)

.bss            0x0000000020000080     0x2ff8 load address 0x0000000000005d0c
                0x0000000020000080                . = ALIGN (0x4)
                0x0000000020000080                PROVIDE (_sbss = .)
 *(.sbss*)
 .sbss.rx_in.6163
                0x0000000020000080        0x2 ./TYIOT/mcu_api.o
 .sbss.mcu_reset_state.6085
                0x0000000020000082        0x1 ./TYIOT/system.o
 *fill*         0x0000000020000083        0x1 
 .sbss.NVIC_Priority_Group
                0x0000000020000084        0x4 ./Libraries/wch_libraries/Peripheral/ch32v10x_misc.o
                0x0000000020000084                NVIC_Priority_Group
 .sbss.mt9v03x_finish_flag
                0x0000000020000088        0x1 ./Libraries/seekfree_peripheral/SEEKFREE_MT9V03X.o
                0x0000000020000088                mt9v03x_finish_flag
 .sbss.receive_num
                0x0000000020000089        0x1 ./Libraries/seekfree_peripheral/SEEKFREE_MT9V03X.o
                0x0000000020000089                receive_num
 .sbss.ov7725_uart_finish_flag
                0x000000002000008a        0x1 ./Libraries/seekfree_peripheral/SEEKFREE_UART_7725.o
                0x000000002000008a                ov7725_uart_finish_flag
 .sbss.ov7725_uart_receive_flag
                0x000000002000008b        0x1 ./Libraries/seekfree_peripheral/SEEKFREE_UART_7725.o
                0x000000002000008b                ov7725_uart_receive_flag
 .sbss.ov7725_uart_receive_num
                0x000000002000008c        0x1 ./Libraries/seekfree_peripheral/SEEKFREE_UART_7725.o
                0x000000002000008c                ov7725_uart_receive_num
 .sbss.camera_type
                0x000000002000008d        0x1 ./Libraries/seekfree_libraries/common.o
                0x000000002000008d                camera_type
 .sbss.close_all_irq_flag
                0x000000002000008e        0x1 ./Libraries/seekfree_libraries/common.o
                0x000000002000008e                close_all_irq_flag
 *fill*         0x000000002000008f        0x1 
 .sbss.irq_status
                0x0000000020000090        0x8 ./Libraries/seekfree_libraries/common.o
                0x0000000020000090                irq_status
 .sbss.sys_clk  0x0000000020000098        0x4 ./Libraries/seekfree_libraries/common.o
                0x0000000020000098                sys_clk
 .sbss.__malloc_free_list
                0x000000002000009c        0x4 c:/mounriver/mounriver_studio/toolchain/risc-v embedded gcc/bin/../lib/gcc/riscv-none-embed/8.2.0/../../../../riscv-none-embed/lib/rv32imac/ilp32\libg_nano.a(lib_a-nano-mallocr.o)
                0x000000002000009c                __malloc_free_list
 .sbss.__malloc_sbrk_start
                0x00000000200000a0        0x4 c:/mounriver/mounriver_studio/toolchain/risc-v embedded gcc/bin/../lib/gcc/riscv-none-embed/8.2.0/../../../../riscv-none-embed/lib/rv32imac/ilp32\libg_nano.a(lib_a-nano-mallocr.o)
                0x00000000200000a0                __malloc_sbrk_start
 .sbss.heap_end.1518
                0x00000000200000a4        0x4 c:/mounriver/mounriver_studio/toolchain/risc-v embedded gcc/bin/../lib/gcc/riscv-none-embed/8.2.0/../../../../riscv-none-embed/lib/rv32imac/ilp32\libnosys.a(sbrk.o)
 *(.gnu.linkonce.sb.*)
 *(.bss*)
 *(.gnu.linkonce.b.*)
 *(COMMON*)
 COMMON         0x00000000200000a8        0xc ./User/main.o
                0x00000000200000a8                RH_Value
                0x00000000200000ac                Tem_Value
                0x00000000200000b0                lx
 COMMON         0x00000000200000b4       0x90 ./TYIOT/system.o
                0x00000000200000b4                wifi_data_process_buf
                0x00000000200000d3                set_wifimode_flag
                0x00000000200000d4                rx_buf_in
                0x00000000200000d8                wifi_uart_rx_buf
                0x00000000200000f0                rx_buf_out
                0x00000000200000f4                wifi_uart_tx_buf
                0x0000000020000141                wifi_work_state
                0x0000000020000142                reset_wifi_flag
                0x0000000020000143                stop_update_flag
 COMMON         0x0000000020000144     0x24c0 ./Libraries/seekfree_peripheral/SEEKFREE_MT9V03X.o
                0x0000000020000144                mt9v03x_image
                0x00000000200025fc                rx_buffer
                0x0000000020002600                receive
                0x0000000020002603                uart_receive_flag
 COMMON         0x0000000020002604      0x101 ./Libraries/seekfree_peripheral/SEEKFREE_TSL1401.o
                0x0000000020002604                ccd_data
                0x0000000020002704                tsl1401_finish_flag
 *fill*         0x0000000020002705        0x3 
 COMMON         0x0000000020002708      0x963 ./Libraries/seekfree_peripheral/SEEKFREE_UART_7725.o
                0x0000000020002708                ov7725_uart_image_bin
                0x0000000020003068                ov7725_uart_receive
 *fill*         0x000000002000306b        0x1 
 COMMON         0x000000002000306c        0x6 ./Libraries/Code/DHT11.o
                0x000000002000306c                buffer
 *fill*         0x0000000020003072        0x2 
 COMMON         0x0000000020003074        0x4 c:/mounriver/mounriver_studio/toolchain/risc-v embedded gcc/bin/../lib/gcc/riscv-none-embed/8.2.0/../../../../riscv-none-embed/lib/rv32imac/ilp32\libg_nano.a(lib_a-reent.o)
                0x0000000020003074                errno
                0x0000000020003078                . = ALIGN (0x4)
                0x0000000020003078                PROVIDE (_ebss = .)
                [!provide]                        PROVIDE (_end = _ebss)
                0x0000000020003078                PROVIDE (end = .)

.stack          0x0000000020004800      0x800
                0x0000000020004800                . = ALIGN (0x4)
                [!provide]                        PROVIDE (_susrstack = .)
                0x0000000020005000                . = (. + __stack_size)
 *fill*         0x0000000020004800      0x800 
                0x0000000020005000                PROVIDE (_eusrstack = .)
OUTPUT(IOT_tuya.elf elf32-littleriscv)

.debug_info     0x0000000000000000    0x1ff81
 .debug_info    0x0000000000000000     0x1b34 ./User/isr.o
 .debug_info    0x0000000000001b34     0x1866 ./User/main.o
 .debug_info    0x000000000000339a     0x1dab ./TYIOT/mcu_api.o
 .debug_info    0x0000000000005145     0x19f6 ./TYIOT/protocol.o
 .debug_info    0x0000000000006b3b     0x1757 ./TYIOT/system.o
 .debug_info    0x0000000000008292       0x22 ./Libraries/wch_libraries/Startup/startup_ch32v10x.o
 .debug_info    0x00000000000082b4      0xcbc ./Libraries/wch_libraries/Peripheral/ch32v10x_adc.o
 .debug_info    0x0000000000008f70      0x451 ./Libraries/wch_libraries/Peripheral/ch32v10x_dma.o
 .debug_info    0x00000000000093c1      0x353 ./Libraries/wch_libraries/Peripheral/ch32v10x_exti.o
 .debug_info    0x0000000000009714      0x7e1 ./Libraries/wch_libraries/Peripheral/ch32v10x_gpio.o
 .debug_info    0x0000000000009ef5      0x561 ./Libraries/wch_libraries/Peripheral/ch32v10x_misc.o
 .debug_info    0x000000000000a456      0x90a ./Libraries/wch_libraries/Peripheral/ch32v10x_rcc.o
 .debug_info    0x000000000000ad60     0x20d2 ./Libraries/wch_libraries/Peripheral/ch32v10x_tim.o
 .debug_info    0x000000000000ce32      0xb14 ./Libraries/wch_libraries/Peripheral/ch32v10x_usart.o
 .debug_info    0x000000000000d946      0xaf0 ./Libraries/seekfree_peripheral/SEEKFREE_FONT.o
 .debug_info    0x000000000000e436     0x12c5 ./Libraries/seekfree_peripheral/SEEKFREE_IIC.o
 .debug_info    0x000000000000f6fb     0x18d0 ./Libraries/seekfree_peripheral/SEEKFREE_MT9V03X.o
 .debug_info    0x0000000000010fcb     0x1c09 ./Libraries/seekfree_peripheral/SEEKFREE_OLED.o
 .debug_info    0x0000000000012bd4     0x1025 ./Libraries/seekfree_peripheral/SEEKFREE_PRINTF.o
 .debug_info    0x0000000000013bf9     0x1120 ./Libraries/seekfree_peripheral/SEEKFREE_TSL1401.o
 .debug_info    0x0000000000014d19     0x186c ./Libraries/seekfree_peripheral/SEEKFREE_UART_7725.o
 .debug_info    0x0000000000016585      0xa09 ./Libraries/seekfree_libraries/common.o
 .debug_info    0x0000000000016f8e     0x12f4 ./Libraries/seekfree_libraries/zf_adc.o
 .debug_info    0x0000000000018282     0x122c ./Libraries/seekfree_libraries/zf_gpio.o
 .debug_info    0x00000000000194ae      0xeca ./Libraries/seekfree_libraries/zf_nvic.o
 .debug_info    0x000000000001a378      0xb4f ./Libraries/seekfree_libraries/zf_systick.o
 .debug_info    0x000000000001aec7     0x14be ./Libraries/seekfree_libraries/zf_uart.o
 .debug_info    0x000000000001c385      0xd0b ./Libraries/board/board.o
 .debug_info    0x000000000001d090      0x27c ./Libraries/board/clock_config.o
 .debug_info    0x000000000001d30c     0x13f1 ./Libraries/Code/DHT11.o
 .debug_info    0x000000000001e6fd     0x1884 ./Libraries/Code/iic.o

.debug_abbrev   0x0000000000000000     0x56d0
 .debug_abbrev  0x0000000000000000      0x2cb ./User/isr.o
 .debug_abbrev  0x00000000000002cb      0x2b9 ./User/main.o
 .debug_abbrev  0x0000000000000584      0x51c ./TYIOT/mcu_api.o
 .debug_abbrev  0x0000000000000aa0      0x40a ./TYIOT/protocol.o
 .debug_abbrev  0x0000000000000eaa      0x4d7 ./TYIOT/system.o
 .debug_abbrev  0x0000000000001381       0x12 ./Libraries/wch_libraries/Startup/startup_ch32v10x.o
 .debug_abbrev  0x0000000000001393      0x1f3 ./Libraries/wch_libraries/Peripheral/ch32v10x_adc.o
 .debug_abbrev  0x0000000000001586      0x1f7 ./Libraries/wch_libraries/Peripheral/ch32v10x_dma.o
 .debug_abbrev  0x000000000000177d      0x1b6 ./Libraries/wch_libraries/Peripheral/ch32v10x_exti.o
 .debug_abbrev  0x0000000000001933      0x208 ./Libraries/wch_libraries/Peripheral/ch32v10x_gpio.o
 .debug_abbrev  0x0000000000001b3b      0x1c1 ./Libraries/wch_libraries/Peripheral/ch32v10x_misc.o
 .debug_abbrev  0x0000000000001cfc      0x246 ./Libraries/wch_libraries/Peripheral/ch32v10x_rcc.o
 .debug_abbrev  0x0000000000001f42      0x2fd ./Libraries/wch_libraries/Peripheral/ch32v10x_tim.o
 .debug_abbrev  0x000000000000223f      0x201 ./Libraries/wch_libraries/Peripheral/ch32v10x_usart.o
 .debug_abbrev  0x0000000000002440      0x204 ./Libraries/seekfree_peripheral/SEEKFREE_FONT.o
 .debug_abbrev  0x0000000000002644      0x3b4 ./Libraries/seekfree_peripheral/SEEKFREE_IIC.o
 .debug_abbrev  0x00000000000029f8      0x3cb ./Libraries/seekfree_peripheral/SEEKFREE_MT9V03X.o
 .debug_abbrev  0x0000000000002dc3      0x401 ./Libraries/seekfree_peripheral/SEEKFREE_OLED.o
 .debug_abbrev  0x00000000000031c4      0x402 ./Libraries/seekfree_peripheral/SEEKFREE_PRINTF.o
 .debug_abbrev  0x00000000000035c6      0x2c1 ./Libraries/seekfree_peripheral/SEEKFREE_TSL1401.o
 .debug_abbrev  0x0000000000003887      0x3c3 ./Libraries/seekfree_peripheral/SEEKFREE_UART_7725.o
 .debug_abbrev  0x0000000000003c4a      0x1e7 ./Libraries/seekfree_libraries/common.o
 .debug_abbrev  0x0000000000003e31      0x322 ./Libraries/seekfree_libraries/zf_adc.o
 .debug_abbrev  0x0000000000004153      0x2f0 ./Libraries/seekfree_libraries/zf_gpio.o
 .debug_abbrev  0x0000000000004443      0x2d6 ./Libraries/seekfree_libraries/zf_nvic.o
 .debug_abbrev  0x0000000000004719      0x255 ./Libraries/seekfree_libraries/zf_systick.o
 .debug_abbrev  0x000000000000496e      0x2ef ./Libraries/seekfree_libraries/zf_uart.o
 .debug_abbrev  0x0000000000004c5d      0x2c7 ./Libraries/board/board.o
 .debug_abbrev  0x0000000000004f24      0x102 ./Libraries/board/clock_config.o
 .debug_abbrev  0x0000000000005026      0x3c8 ./Libraries/Code/DHT11.o
 .debug_abbrev  0x00000000000053ee      0x2e2 ./Libraries/Code/iic.o

.debug_loc      0x0000000000000000     0x8295
 .debug_loc     0x0000000000000000       0x13 ./User/isr.o
 .debug_loc     0x0000000000000013      0xa4e ./TYIOT/mcu_api.o
 .debug_loc     0x0000000000000a61      0x7ec ./TYIOT/protocol.o
 .debug_loc     0x000000000000124d      0x605 ./TYIOT/system.o
 .debug_loc     0x0000000000001852      0xa15 ./Libraries/wch_libraries/Peripheral/ch32v10x_adc.o
 .debug_loc     0x0000000000002267      0x183 ./Libraries/wch_libraries/Peripheral/ch32v10x_dma.o
 .debug_loc     0x00000000000023ea      0x181 ./Libraries/wch_libraries/Peripheral/ch32v10x_exti.o
 .debug_loc     0x000000000000256b      0x647 ./Libraries/wch_libraries/Peripheral/ch32v10x_gpio.o
 .debug_loc     0x0000000000002bb2       0xce ./Libraries/wch_libraries/Peripheral/ch32v10x_misc.o
 .debug_loc     0x0000000000002c80      0x76c ./Libraries/wch_libraries/Peripheral/ch32v10x_rcc.o
 .debug_loc     0x00000000000033ec     0x1aa3 ./Libraries/wch_libraries/Peripheral/ch32v10x_tim.o
 .debug_loc     0x0000000000004e8f      0x7ad ./Libraries/wch_libraries/Peripheral/ch32v10x_usart.o
 .debug_loc     0x000000000000563c      0x2cd ./Libraries/seekfree_peripheral/SEEKFREE_IIC.o
 .debug_loc     0x0000000000005909      0x34f ./Libraries/seekfree_peripheral/SEEKFREE_MT9V03X.o
 .debug_loc     0x0000000000005c58      0xbdb ./Libraries/seekfree_peripheral/SEEKFREE_OLED.o
 .debug_loc     0x0000000000006833      0x5f0 ./Libraries/seekfree_peripheral/SEEKFREE_PRINTF.o
 .debug_loc     0x0000000000006e23       0x8e ./Libraries/seekfree_peripheral/SEEKFREE_TSL1401.o
 .debug_loc     0x0000000000006eb1      0x30a ./Libraries/seekfree_peripheral/SEEKFREE_UART_7725.o
 .debug_loc     0x00000000000071bb      0x356 ./Libraries/seekfree_libraries/zf_adc.o
 .debug_loc     0x0000000000007511      0x498 ./Libraries/seekfree_libraries/zf_gpio.o
 .debug_loc     0x00000000000079a9       0x84 ./Libraries/seekfree_libraries/zf_nvic.o
 .debug_loc     0x0000000000007a2d       0x21 ./Libraries/seekfree_libraries/zf_systick.o
 .debug_loc     0x0000000000007a4e      0x401 ./Libraries/seekfree_libraries/zf_uart.o
 .debug_loc     0x0000000000007e4f       0xec ./Libraries/board/board.o
 .debug_loc     0x0000000000007f3b      0x23b ./Libraries/Code/DHT11.o
 .debug_loc     0x0000000000008176      0x11f ./Libraries/Code/iic.o

.debug_aranges  0x0000000000000000      0xeb8
 .debug_aranges
                0x0000000000000000       0x88 ./User/isr.o
 .debug_aranges
                0x0000000000000088       0x20 ./User/main.o
 .debug_aranges
                0x00000000000000a8       0xf0 ./TYIOT/mcu_api.o
 .debug_aranges
                0x0000000000000198       0x40 ./TYIOT/protocol.o
 .debug_aranges
                0x00000000000001d8       0x50 ./TYIOT/system.o
 .debug_aranges
                0x0000000000000228       0x30 ./Libraries/wch_libraries/Startup/startup_ch32v10x.o
 .debug_aranges
                0x0000000000000258      0x140 ./Libraries/wch_libraries/Peripheral/ch32v10x_adc.o
 .debug_aranges
                0x0000000000000398       0x60 ./Libraries/wch_libraries/Peripheral/ch32v10x_dma.o
 .debug_aranges
                0x00000000000003f8       0x50 ./Libraries/wch_libraries/Peripheral/ch32v10x_exti.o
 .debug_aranges
                0x0000000000000448       0xa0 ./Libraries/wch_libraries/Peripheral/ch32v10x_gpio.o
 .debug_aranges
                0x00000000000004e8       0x28 ./Libraries/wch_libraries/Peripheral/ch32v10x_misc.o
 .debug_aranges
                0x0000000000000510      0x118 ./Libraries/wch_libraries/Peripheral/ch32v10x_rcc.o
 .debug_aranges
                0x0000000000000628      0x2d0 ./Libraries/wch_libraries/Peripheral/ch32v10x_tim.o
 .debug_aranges
                0x00000000000008f8      0x100 ./Libraries/wch_libraries/Peripheral/ch32v10x_usart.o
 .debug_aranges
                0x00000000000009f8       0x18 ./Libraries/seekfree_peripheral/SEEKFREE_FONT.o
 .debug_aranges
                0x0000000000000a10       0x70 ./Libraries/seekfree_peripheral/SEEKFREE_IIC.o
 .debug_aranges
                0x0000000000000a80       0x80 ./Libraries/seekfree_peripheral/SEEKFREE_MT9V03X.o
 .debug_aranges
                0x0000000000000b00       0xa0 ./Libraries/seekfree_peripheral/SEEKFREE_OLED.o
 .debug_aranges
                0x0000000000000ba0       0x38 ./Libraries/seekfree_peripheral/SEEKFREE_PRINTF.o
 .debug_aranges
                0x0000000000000bd8       0x30 ./Libraries/seekfree_peripheral/SEEKFREE_TSL1401.o
 .debug_aranges
                0x0000000000000c08       0x80 ./Libraries/seekfree_peripheral/SEEKFREE_UART_7725.o
 .debug_aranges
                0x0000000000000c88       0x18 ./Libraries/seekfree_libraries/common.o
 .debug_aranges
                0x0000000000000ca0       0x38 ./Libraries/seekfree_libraries/zf_adc.o
 .debug_aranges
                0x0000000000000cd8       0x40 ./Libraries/seekfree_libraries/zf_gpio.o
 .debug_aranges
                0x0000000000000d18       0x40 ./Libraries/seekfree_libraries/zf_nvic.o
 .debug_aranges
                0x0000000000000d58       0x30 ./Libraries/seekfree_libraries/zf_systick.o
 .debug_aranges
                0x0000000000000d88       0x50 ./Libraries/seekfree_libraries/zf_uart.o
 .debug_aranges
                0x0000000000000dd8       0x28 ./Libraries/board/board.o
 .debug_aranges
                0x0000000000000e00       0x20 ./Libraries/board/clock_config.o
 .debug_aranges
                0x0000000000000e20       0x48 ./Libraries/Code/DHT11.o
 .debug_aranges
                0x0000000000000e68       0x50 ./Libraries/Code/iic.o

.debug_ranges   0x0000000000000000      0xf90
 .debug_ranges  0x0000000000000000       0x78 ./User/isr.o
 .debug_ranges  0x0000000000000078       0x10 ./User/main.o
 .debug_ranges  0x0000000000000088       0xf8 ./TYIOT/mcu_api.o
 .debug_ranges  0x0000000000000180       0x78 ./TYIOT/protocol.o
 .debug_ranges  0x00000000000001f8       0xc8 ./TYIOT/system.o
 .debug_ranges  0x00000000000002c0       0x28 ./Libraries/wch_libraries/Startup/startup_ch32v10x.o
 .debug_ranges  0x00000000000002e8      0x130 ./Libraries/wch_libraries/Peripheral/ch32v10x_adc.o
 .debug_ranges  0x0000000000000418       0x50 ./Libraries/wch_libraries/Peripheral/ch32v10x_dma.o
 .debug_ranges  0x0000000000000468       0x40 ./Libraries/wch_libraries/Peripheral/ch32v10x_exti.o
 .debug_ranges  0x00000000000004a8       0x90 ./Libraries/wch_libraries/Peripheral/ch32v10x_gpio.o
 .debug_ranges  0x0000000000000538       0x48 ./Libraries/wch_libraries/Peripheral/ch32v10x_misc.o
 .debug_ranges  0x0000000000000580      0x108 ./Libraries/wch_libraries/Peripheral/ch32v10x_rcc.o
 .debug_ranges  0x0000000000000688      0x308 ./Libraries/wch_libraries/Peripheral/ch32v10x_tim.o
 .debug_ranges  0x0000000000000990       0xf0 ./Libraries/wch_libraries/Peripheral/ch32v10x_usart.o
 .debug_ranges  0x0000000000000a80       0x88 ./Libraries/seekfree_peripheral/SEEKFREE_IIC.o
 .debug_ranges  0x0000000000000b08       0x70 ./Libraries/seekfree_peripheral/SEEKFREE_MT9V03X.o
 .debug_ranges  0x0000000000000b78       0xa8 ./Libraries/seekfree_peripheral/SEEKFREE_OLED.o
 .debug_ranges  0x0000000000000c20      0x108 ./Libraries/seekfree_peripheral/SEEKFREE_PRINTF.o
 .debug_ranges  0x0000000000000d28       0x20 ./Libraries/seekfree_peripheral/SEEKFREE_TSL1401.o
 .debug_ranges  0x0000000000000d48       0x70 ./Libraries/seekfree_peripheral/SEEKFREE_UART_7725.o
 .debug_ranges  0x0000000000000db8       0x40 ./Libraries/seekfree_libraries/zf_adc.o
 .debug_ranges  0x0000000000000df8       0x30 ./Libraries/seekfree_libraries/zf_gpio.o
 .debug_ranges  0x0000000000000e28       0x30 ./Libraries/seekfree_libraries/zf_nvic.o
 .debug_ranges  0x0000000000000e58       0x20 ./Libraries/seekfree_libraries/zf_systick.o
 .debug_ranges  0x0000000000000e78       0x40 ./Libraries/seekfree_libraries/zf_uart.o
 .debug_ranges  0x0000000000000eb8       0x18 ./Libraries/board/board.o
 .debug_ranges  0x0000000000000ed0       0x30 ./Libraries/board/clock_config.o
 .debug_ranges  0x0000000000000f00       0x50 ./Libraries/Code/DHT11.o
 .debug_ranges  0x0000000000000f50       0x40 ./Libraries/Code/iic.o

.debug_line     0x0000000000000000    0x138d0
 .debug_line    0x0000000000000000      0x91a ./User/isr.o
 .debug_line    0x000000000000091a      0x5fa ./User/main.o
 .debug_line    0x0000000000000f14     0x130d ./TYIOT/mcu_api.o
 .debug_line    0x0000000000002221      0x7c7 ./TYIOT/protocol.o
 .debug_line    0x00000000000029e8      0xc18 ./TYIOT/system.o
 .debug_line    0x0000000000003600      0x225 ./Libraries/wch_libraries/Startup/startup_ch32v10x.o
 .debug_line    0x0000000000003825     0x13d2 ./Libraries/wch_libraries/Peripheral/ch32v10x_adc.o
 .debug_line    0x0000000000004bf7      0x781 ./Libraries/wch_libraries/Peripheral/ch32v10x_dma.o
 .debug_line    0x0000000000005378      0x4ae ./Libraries/wch_libraries/Peripheral/ch32v10x_exti.o
 .debug_line    0x0000000000005826      0xbd5 ./Libraries/wch_libraries/Peripheral/ch32v10x_gpio.o
 .debug_line    0x00000000000063fb      0x3aa ./Libraries/wch_libraries/Peripheral/ch32v10x_misc.o
 .debug_line    0x00000000000067a5      0xf5a ./Libraries/wch_libraries/Peripheral/ch32v10x_rcc.o
 .debug_line    0x00000000000076ff     0x308f ./Libraries/wch_libraries/Peripheral/ch32v10x_tim.o
 .debug_line    0x000000000000a78e      0xf21 ./Libraries/wch_libraries/Peripheral/ch32v10x_usart.o
 .debug_line    0x000000000000b6af      0x1d8 ./Libraries/seekfree_peripheral/SEEKFREE_FONT.o
 .debug_line    0x000000000000b887      0xac9 ./Libraries/seekfree_peripheral/SEEKFREE_IIC.o
 .debug_line    0x000000000000c350      0xdc0 ./Libraries/seekfree_peripheral/SEEKFREE_MT9V03X.o
 .debug_line    0x000000000000d110     0x13e5 ./Libraries/seekfree_peripheral/SEEKFREE_OLED.o
 .debug_line    0x000000000000e4f5      0xa62 ./Libraries/seekfree_peripheral/SEEKFREE_PRINTF.o
 .debug_line    0x000000000000ef57      0x4c5 ./Libraries/seekfree_peripheral/SEEKFREE_TSL1401.o
 .debug_line    0x000000000000f41c      0xc9e ./Libraries/seekfree_peripheral/SEEKFREE_UART_7725.o
 .debug_line    0x00000000000100ba      0x19d ./Libraries/seekfree_libraries/common.o
 .debug_line    0x0000000000010257      0x7a0 ./Libraries/seekfree_libraries/zf_adc.o
 .debug_line    0x00000000000109f7      0x685 ./Libraries/seekfree_libraries/zf_gpio.o
 .debug_line    0x000000000001107c      0x485 ./Libraries/seekfree_libraries/zf_nvic.o
 .debug_line    0x0000000000011501      0x3c7 ./Libraries/seekfree_libraries/zf_systick.o
 .debug_line    0x00000000000118c8      0x71b ./Libraries/seekfree_libraries/zf_uart.o
 .debug_line    0x0000000000011fe3      0x3eb ./Libraries/board/board.o
 .debug_line    0x00000000000123ce      0x45a ./Libraries/board/clock_config.o
 .debug_line    0x0000000000012828      0x7a0 ./Libraries/Code/DHT11.o
 .debug_line    0x0000000000012fc8      0x908 ./Libraries/Code/iic.o

.debug_str      0x0000000000000000     0x46df
 .debug_str     0x0000000000000000      0xd4d ./User/isr.o
                                        0xe47 (size before relaxing)
 .debug_str     0x0000000000000d4d      0x51f ./User/main.o
                                        0xf5c (size before relaxing)
 .debug_str     0x000000000000126c      0x293 ./TYIOT/mcu_api.o
                                        0xcf9 (size before relaxing)
 .debug_str     0x00000000000014ff      0x345 ./TYIOT/protocol.o
                                        0xe74 (size before relaxing)
 .debug_str     0x0000000000001844       0xce ./TYIOT/system.o
                                        0xc06 (size before relaxing)
 .debug_str     0x0000000000001912       0x42 ./Libraries/wch_libraries/Startup/startup_ch32v10x.o
                                         0x67 (size before relaxing)
 .debug_str     0x0000000000001954      0x5d0 ./Libraries/wch_libraries/Peripheral/ch32v10x_adc.o
                                        0x7c1 (size before relaxing)
 .debug_str     0x0000000000001f24      0x1f3 ./Libraries/wch_libraries/Peripheral/ch32v10x_dma.o
                                        0x3eb (size before relaxing)
 .debug_str     0x0000000000002117      0x19a ./Libraries/wch_libraries/Peripheral/ch32v10x_exti.o
                                        0x385 (size before relaxing)
 .debug_str     0x00000000000022b1      0x34d ./Libraries/wch_libraries/Peripheral/ch32v10x_gpio.o
                                        0x533 (size before relaxing)
 .debug_str     0x00000000000025fe      0x194 ./Libraries/wch_libraries/Peripheral/ch32v10x_misc.o
                                        0x5cf (size before relaxing)
 .debug_str     0x0000000000002792      0x439 ./Libraries/wch_libraries/Peripheral/ch32v10x_rcc.o
                                        0x65d (size before relaxing)
 .debug_str     0x0000000000002bcb      0xa96 ./Libraries/wch_libraries/Peripheral/ch32v10x_tim.o
                                        0xe73 (size before relaxing)
 .debug_str     0x0000000000003661      0x3cd ./Libraries/wch_libraries/Peripheral/ch32v10x_usart.o
                                        0x70f (size before relaxing)
 .debug_str     0x0000000000003a2e       0x31 ./Libraries/seekfree_peripheral/SEEKFREE_FONT.o
                                        0x66e (size before relaxing)
 .debug_str     0x0000000000003a5f      0x13a ./Libraries/seekfree_peripheral/SEEKFREE_IIC.o
                                        0x81e (size before relaxing)
 .debug_str     0x0000000000003b99      0x212 ./Libraries/seekfree_peripheral/SEEKFREE_MT9V03X.o
                                        0xd55 (size before relaxing)
 .debug_str     0x0000000000003dab      0x14a ./Libraries/seekfree_peripheral/SEEKFREE_OLED.o
                                        0x8c9 (size before relaxing)
 .debug_str     0x0000000000003ef5       0xeb ./Libraries/seekfree_peripheral/SEEKFREE_PRINTF.o
                                        0x711 (size before relaxing)
 .debug_str     0x0000000000003fe0       0x66 ./Libraries/seekfree_peripheral/SEEKFREE_TSL1401.o
                                        0x894 (size before relaxing)
 .debug_str     0x0000000000004046      0x23e ./Libraries/seekfree_peripheral/SEEKFREE_UART_7725.o
                                        0xde8 (size before relaxing)
 .debug_str     0x0000000000004284       0x29 ./Libraries/seekfree_libraries/common.o
                                        0x61f (size before relaxing)
 .debug_str     0x00000000000042ad       0x7b ./Libraries/seekfree_libraries/zf_adc.o
                                        0x9ec (size before relaxing)
 .debug_str     0x0000000000004328       0x96 ./Libraries/seekfree_libraries/zf_gpio.o
                                        0x984 (size before relaxing)
 .debug_str     0x00000000000043be       0x8a ./Libraries/seekfree_libraries/zf_nvic.o
                                        0xa6f (size before relaxing)
 .debug_str     0x0000000000004448       0xbf ./Libraries/seekfree_libraries/zf_systick.o
                                        0x6f3 (size before relaxing)
 .debug_str     0x0000000000004507       0x85 ./Libraries/seekfree_libraries/zf_uart.o
                                        0xba2 (size before relaxing)
 .debug_str     0x000000000000458c       0x1b ./Libraries/board/board.o
                                        0x7e2 (size before relaxing)
 .debug_str     0x00000000000045a7       0x66 ./Libraries/board/clock_config.o
                                        0x27d (size before relaxing)
 .debug_str     0x000000000000460d       0x9f ./Libraries/Code/DHT11.o
                                        0xb7f (size before relaxing)
 .debug_str     0x00000000000046ac       0x33 ./Libraries/Code/iic.o
                                        0xaec (size before relaxing)

.comment        0x0000000000000000       0x33
 .comment       0x0000000000000000       0x33 ./User/isr.o
                                         0x34 (size before relaxing)
 .comment       0x0000000000000033       0x34 ./User/main.o
 .comment       0x0000000000000033       0x34 ./TYIOT/mcu_api.o
 .comment       0x0000000000000033       0x34 ./TYIOT/protocol.o
 .comment       0x0000000000000033       0x34 ./TYIOT/system.o
 .comment       0x0000000000000033       0x34 ./Libraries/wch_libraries/Peripheral/ch32v10x_adc.o
 .comment       0x0000000000000033       0x34 ./Libraries/wch_libraries/Peripheral/ch32v10x_dma.o
 .comment       0x0000000000000033       0x34 ./Libraries/wch_libraries/Peripheral/ch32v10x_exti.o
 .comment       0x0000000000000033       0x34 ./Libraries/wch_libraries/Peripheral/ch32v10x_gpio.o
 .comment       0x0000000000000033       0x34 ./Libraries/wch_libraries/Peripheral/ch32v10x_misc.o
 .comment       0x0000000000000033       0x34 ./Libraries/wch_libraries/Peripheral/ch32v10x_rcc.o
 .comment       0x0000000000000033       0x34 ./Libraries/wch_libraries/Peripheral/ch32v10x_tim.o
 .comment       0x0000000000000033       0x34 ./Libraries/wch_libraries/Peripheral/ch32v10x_usart.o
 .comment       0x0000000000000033       0x34 ./Libraries/seekfree_peripheral/SEEKFREE_FONT.o
 .comment       0x0000000000000033       0x34 ./Libraries/seekfree_peripheral/SEEKFREE_IIC.o
 .comment       0x0000000000000033       0x34 ./Libraries/seekfree_peripheral/SEEKFREE_MT9V03X.o
 .comment       0x0000000000000033       0x34 ./Libraries/seekfree_peripheral/SEEKFREE_OLED.o
 .comment       0x0000000000000033       0x34 ./Libraries/seekfree_peripheral/SEEKFREE_PRINTF.o
 .comment       0x0000000000000033       0x34 ./Libraries/seekfree_peripheral/SEEKFREE_TSL1401.o
 .comment       0x0000000000000033       0x34 ./Libraries/seekfree_peripheral/SEEKFREE_UART_7725.o
 .comment       0x0000000000000033       0x34 ./Libraries/seekfree_libraries/common.o
 .comment       0x0000000000000033       0x34 ./Libraries/seekfree_libraries/zf_adc.o
 .comment       0x0000000000000033       0x34 ./Libraries/seekfree_libraries/zf_gpio.o
 .comment       0x0000000000000033       0x34 ./Libraries/seekfree_libraries/zf_nvic.o
 .comment       0x0000000000000033       0x34 ./Libraries/seekfree_libraries/zf_systick.o
 .comment       0x0000000000000033       0x34 ./Libraries/seekfree_libraries/zf_uart.o
 .comment       0x0000000000000033       0x34 ./Libraries/board/board.o
 .comment       0x0000000000000033       0x34 ./Libraries/board/clock_config.o
 .comment       0x0000000000000033       0x34 ./Libraries/Code/DHT11.o
 .comment       0x0000000000000033       0x34 ./Libraries/Code/iic.o

.debug_frame    0x0000000000000000     0x324c
 .debug_frame   0x0000000000000000      0x1d4 ./User/isr.o
 .debug_frame   0x00000000000001d4       0x40 ./User/main.o
 .debug_frame   0x0000000000000214      0x2c4 ./TYIOT/mcu_api.o
 .debug_frame   0x00000000000004d8       0x80 ./TYIOT/protocol.o
 .debug_frame   0x0000000000000558      0x150 ./TYIOT/system.o
 .debug_frame   0x00000000000006a8      0x27c ./Libraries/wch_libraries/Peripheral/ch32v10x_adc.o
 .debug_frame   0x0000000000000924       0xc0 ./Libraries/wch_libraries/Peripheral/ch32v10x_dma.o
 .debug_frame   0x00000000000009e4       0x90 ./Libraries/wch_libraries/Peripheral/ch32v10x_exti.o
 .debug_frame   0x0000000000000a74      0x140 ./Libraries/wch_libraries/Peripheral/ch32v10x_gpio.o
 .debug_frame   0x0000000000000bb4       0x30 ./Libraries/wch_libraries/Peripheral/ch32v10x_misc.o
 .debug_frame   0x0000000000000be4      0x220 ./Libraries/wch_libraries/Peripheral/ch32v10x_rcc.o
 .debug_frame   0x0000000000000e04      0x668 ./Libraries/wch_libraries/Peripheral/ch32v10x_tim.o
 .debug_frame   0x000000000000146c      0x210 ./Libraries/wch_libraries/Peripheral/ch32v10x_usart.o
 .debug_frame   0x000000000000167c      0x14c ./Libraries/seekfree_peripheral/SEEKFREE_IIC.o
 .debug_frame   0x00000000000017c8      0x1a4 ./Libraries/seekfree_peripheral/SEEKFREE_MT9V03X.o
 .debug_frame   0x000000000000196c      0x2e4 ./Libraries/seekfree_peripheral/SEEKFREE_OLED.o
 .debug_frame   0x0000000000001c50       0x94 ./Libraries/seekfree_peripheral/SEEKFREE_PRINTF.o
 .debug_frame   0x0000000000001ce4       0x84 ./Libraries/seekfree_peripheral/SEEKFREE_TSL1401.o
 .debug_frame   0x0000000000001d68      0x1b4 ./Libraries/seekfree_peripheral/SEEKFREE_UART_7725.o
 .debug_frame   0x0000000000001f1c       0x9c ./Libraries/seekfree_libraries/zf_adc.o
 .debug_frame   0x0000000000001fb8       0xac ./Libraries/seekfree_libraries/zf_gpio.o
 .debug_frame   0x0000000000002064       0x6c ./Libraries/seekfree_libraries/zf_nvic.o
 .debug_frame   0x00000000000020d0       0x40 ./Libraries/seekfree_libraries/zf_systick.o
 .debug_frame   0x0000000000002110      0x108 ./Libraries/seekfree_libraries/zf_uart.o
 .debug_frame   0x0000000000002218       0x50 ./Libraries/board/board.o
 .debug_frame   0x0000000000002268       0x2c ./Libraries/board/clock_config.o
 .debug_frame   0x0000000000002294       0xd4 ./Libraries/Code/DHT11.o
 .debug_frame   0x0000000000002368       0xf4 ./Libraries/Code/iic.o
 .debug_frame   0x000000000000245c       0x20 c:/mounriver/mounriver_studio/toolchain/risc-v embedded gcc/bin/../lib/gcc/riscv-none-embed/8.2.0/rv32imac/ilp32\libgcc.a(eqdf2.o)
 .debug_frame   0x000000000000247c       0x20 c:/mounriver/mounriver_studio/toolchain/risc-v embedded gcc/bin/../lib/gcc/riscv-none-embed/8.2.0/rv32imac/ilp32\libgcc.a(ledf2.o)
 .debug_frame   0x000000000000249c       0x54 c:/mounriver/mounriver_studio/toolchain/risc-v embedded gcc/bin/../lib/gcc/riscv-none-embed/8.2.0/rv32imac/ilp32\libgcc.a(muldf3.o)
 .debug_frame   0x00000000000024f0       0x44 c:/mounriver/mounriver_studio/toolchain/risc-v embedded gcc/bin/../lib/gcc/riscv-none-embed/8.2.0/rv32imac/ilp32\libgcc.a(subdf3.o)
 .debug_frame   0x0000000000002534       0x20 c:/mounriver/mounriver_studio/toolchain/risc-v embedded gcc/bin/../lib/gcc/riscv-none-embed/8.2.0/rv32imac/ilp32\libgcc.a(fixdfsi.o)
 .debug_frame   0x0000000000002554       0x20 c:/mounriver/mounriver_studio/toolchain/risc-v embedded gcc/bin/../lib/gcc/riscv-none-embed/8.2.0/rv32imac/ilp32\libgcc.a(fixunsdfsi.o)
 .debug_frame   0x0000000000002574       0x38 c:/mounriver/mounriver_studio/toolchain/risc-v embedded gcc/bin/../lib/gcc/riscv-none-embed/8.2.0/rv32imac/ilp32\libgcc.a(floatsidf.o)
 .debug_frame   0x00000000000025ac       0x50 c:/mounriver/mounriver_studio/toolchain/risc-v embedded gcc/bin/../lib/gcc/riscv-none-embed/8.2.0/rv32imac/ilp32\libgcc.a(divsf3.o)
 .debug_frame   0x00000000000025fc       0x50 c:/mounriver/mounriver_studio/toolchain/risc-v embedded gcc/bin/../lib/gcc/riscv-none-embed/8.2.0/rv32imac/ilp32\libgcc.a(mulsf3.o)
 .debug_frame   0x000000000000264c       0x3c c:/mounriver/mounriver_studio/toolchain/risc-v embedded gcc/bin/../lib/gcc/riscv-none-embed/8.2.0/rv32imac/ilp32\libgcc.a(subsf3.o)
 .debug_frame   0x0000000000002688       0x20 c:/mounriver/mounriver_studio/toolchain/risc-v embedded gcc/bin/../lib/gcc/riscv-none-embed/8.2.0/rv32imac/ilp32\libgcc.a(fixunssfsi.o)
 .debug_frame   0x00000000000026a8       0x44 c:/mounriver/mounriver_studio/toolchain/risc-v embedded gcc/bin/../lib/gcc/riscv-none-embed/8.2.0/rv32imac/ilp32\libgcc.a(floatunsisf.o)
 .debug_frame   0x00000000000026ec       0x38 c:/mounriver/mounriver_studio/toolchain/risc-v embedded gcc/bin/../lib/gcc/riscv-none-embed/8.2.0/rv32imac/ilp32\libgcc.a(extendsfdf2.o)
 .debug_frame   0x0000000000002724       0x20 c:/mounriver/mounriver_studio/toolchain/risc-v embedded gcc/bin/../lib/gcc/riscv-none-embed/8.2.0/rv32imac/ilp32\libgcc.a(truncdfsf2.o)
 .debug_frame   0x0000000000002744       0x20 c:/mounriver/mounriver_studio/toolchain/risc-v embedded gcc/bin/../lib/gcc/riscv-none-embed/8.2.0/rv32imac/ilp32\libgcc.a(_clzsi2.o)
 .debug_frame   0x0000000000002764       0x40 c:/mounriver/mounriver_studio/toolchain/risc-v embedded gcc/bin/../lib/gcc/riscv-none-embed/8.2.0/../../../../riscv-none-embed/lib/rv32imac/ilp32\libg_nano.a(lib_a-assert.o)
 .debug_frame   0x00000000000027a4       0x48 c:/mounriver/mounriver_studio/toolchain/risc-v embedded gcc/bin/../lib/gcc/riscv-none-embed/8.2.0/../../../../riscv-none-embed/lib/rv32imac/ilp32\libg_nano.a(lib_a-fprintf.o)
 .debug_frame   0x00000000000027ec       0x20 c:/mounriver/mounriver_studio/toolchain/risc-v embedded gcc/bin/../lib/gcc/riscv-none-embed/8.2.0/../../../../riscv-none-embed/lib/rv32imac/ilp32\libg_nano.a(lib_a-memcpy.o)
 .debug_frame   0x000000000000280c       0xd0 c:/mounriver/mounriver_studio/toolchain/risc-v embedded gcc/bin/../lib/gcc/riscv-none-embed/8.2.0/../../../../riscv-none-embed/lib/rv32imac/ilp32\libg_nano.a(lib_a-nano-vfprintf.o)
 .debug_frame   0x00000000000028dc       0x8c c:/mounriver/mounriver_studio/toolchain/risc-v embedded gcc/bin/../lib/gcc/riscv-none-embed/8.2.0/../../../../riscv-none-embed/lib/rv32imac/ilp32\libg_nano.a(lib_a-nano-vfprintf_i.o)
 .debug_frame   0x0000000000002968       0x50 c:/mounriver/mounriver_studio/toolchain/risc-v embedded gcc/bin/../lib/gcc/riscv-none-embed/8.2.0/../../../../riscv-none-embed/lib/rv32imac/ilp32\libg_nano.a(lib_a-wbuf.o)
 .debug_frame   0x00000000000029b8       0x3c c:/mounriver/mounriver_studio/toolchain/risc-v embedded gcc/bin/../lib/gcc/riscv-none-embed/8.2.0/../../../../riscv-none-embed/lib/rv32imac/ilp32\libg_nano.a(lib_a-wsetup.o)
 .debug_frame   0x00000000000029f4       0x28 c:/mounriver/mounriver_studio/toolchain/risc-v embedded gcc/bin/../lib/gcc/riscv-none-embed/8.2.0/../../../../riscv-none-embed/lib/rv32imac/ilp32\libg_nano.a(lib_a-abort.o)
 .debug_frame   0x0000000000002a1c       0x7c c:/mounriver/mounriver_studio/toolchain/risc-v embedded gcc/bin/../lib/gcc/riscv-none-embed/8.2.0/../../../../riscv-none-embed/lib/rv32imac/ilp32\libg_nano.a(lib_a-fflush.o)